Archive member included to satisfy reference by file (symbol)

/opt/devkitpro/libctru/lib/libctru.a(linear.o)
                              main.o (linearAlloc)
/opt/devkitpro/libctru/lib/libctru.a(mem_pool.o)
                              /opt/devkitpro/libctru/lib/libctru.a(linear.o) (MemPool::Allocate(MemChunk&, unsigned long, int))
/opt/devkitpro/libctru/lib/libctru.a(romfs_dev.o)
                              main.o (romfsMount)
/opt/devkitpro/libctru/lib/libctru.a(console.o)
                              main.o (consoleInit)
/opt/devkitpro/libctru/lib/libctru.a(srv.o)
                              main.o (srvExit)
/opt/devkitpro/libctru/lib/libctru.a(sdmc_dev.o)
                              main.o (sdmcInit)
/opt/devkitpro/libctru/lib/libctru.a(gfx.o)
                              /opt/devkitpro/libctru/lib/libctru.a(console.o) (gfxSetScreenFormat)
/opt/devkitpro/libctru/lib/libctru.a(gx.o)
                              /opt/devkitpro/libctru/lib/libctru.a(gfx.o) (gxCmdBuf)
/opt/devkitpro/libctru/lib/libctru.a(gspgpu.o)
                              /opt/devkitpro/libctru/lib/libctru.a(gfx.o) (gspInit)
/opt/devkitpro/libctru/lib/libctru.a(ac.o)
                              main.o (acInit)
/opt/devkitpro/libctru/lib/libctru.a(apt.o)
                              main.o (APT_HardwareResetAsync)
/opt/devkitpro/libctru/lib/libctru.a(hid.o)
                              main.o (hidExit)
/opt/devkitpro/libctru/lib/libctru.a(srvpm.o)
                              /opt/devkitpro/libctru/lib/libctru.a(srv.o) (srvPmGetSessionHandle)
/opt/devkitpro/libctru/lib/libctru.a(fs.o)
                              main.o (fsInit)
/opt/devkitpro/libctru/lib/libctru.a(rbtree_init.o)
                              /opt/devkitpro/libctru/lib/libctru.a(linear.o) (rbtree_init)
/opt/devkitpro/libctru/lib/libctru.a(rbtree_insert.o)
                              /opt/devkitpro/libctru/lib/libctru.a(linear.o) (rbtree_insert)
/opt/devkitpro/libctru/lib/libctru.a(rbtree_rotate.o)
                              /opt/devkitpro/libctru/lib/libctru.a(rbtree_insert.o) (rbtree_rotate)
/opt/devkitpro/libctru/lib/libctru.a(rbtree_remove.o)
                              /opt/devkitpro/libctru/lib/libctru.a(linear.o) (rbtree_remove)
/opt/devkitpro/libctru/lib/libctru.a(rbtree_find.o)
                              /opt/devkitpro/libctru/lib/libctru.a(linear.o) (rbtree_find)
/opt/devkitpro/libctru/lib/libctru.a(utf16_to_utf8.o)
                              /opt/devkitpro/libctru/lib/libctru.a(romfs_dev.o) (utf16_to_utf8)
/opt/devkitpro/libctru/lib/libctru.a(decode_utf16.o)
                              /opt/devkitpro/libctru/lib/libctru.a(utf16_to_utf8.o) (decode_utf16)
/opt/devkitpro/libctru/lib/libctru.a(decode_utf8.o)
                              /opt/devkitpro/libctru/lib/libctru.a(sdmc_dev.o) (decode_utf8)
/opt/devkitpro/libctru/lib/libctru.a(utf8_to_utf16.o)
                              /opt/devkitpro/libctru/lib/libctru.a(romfs_dev.o) (utf8_to_utf16)
/opt/devkitpro/libctru/lib/libctru.a(initSystem.o)
                              /opt/devkitpro/libctru/lib/libctru.a(apt.o) (__system_retAddr)
/opt/devkitpro/libctru/lib/libctru.a(syscalls.o)
                              /opt/devkitpro/libctru/lib/libctru.a(initSystem.o) (__system_initSyscalls)
/opt/devkitpro/libctru/lib/libctru.a(allocateHeaps.o)
                              /opt/devkitpro/libctru/lib/libctru.a(initSystem.o) (__system_allocateHeaps)
/opt/devkitpro/libctru/lib/libctru.a(initArgv.o)
                              /opt/devkitpro/libctru/lib/libctru.a(initSystem.o) (__system_initArgv)
/opt/devkitpro/libctru/lib/libctru.a(svc.o)
                              /opt/devkitpro/libctru/lib/libctru.a(allocateHeaps.o) (svcControlMemory)
/opt/devkitpro/libctru/lib/libctru.a(stack_adjust.o)
                              /opt/devkitpro/devkitARM/lib/gcc/arm-none-eabi/9.1.0/../../../../arm-none-eabi/lib/armv6k/fpu/3dsx_crt0.o (initSystem)
/opt/devkitpro/libctru/lib/libctru.a(readtp.o)
                              /opt/devkitpro/libctru/lib/libctru.a(sdmc_dev.o) (__aeabi_read_tp)
/opt/devkitpro/libctru/lib/libctru.a(default_font.bin.o)
                              /opt/devkitpro/libctru/lib/libctru.a(console.o) (default_font_bin)
/opt/devkitpro/libctru/lib/libctru.a(vram.o)
                              /opt/devkitpro/libctru/lib/libctru.a(gfx.o) (vramAlloc)
/opt/devkitpro/libctru/lib/libctru.a(mappable.o)
                              /opt/devkitpro/libctru/lib/libctru.a(gfx.o) (mappableAlloc)
/opt/devkitpro/libctru/lib/libctru.a(synchronization.o)
                              /opt/devkitpro/libctru/lib/libctru.a(initSystem.o) (__sync_init)
/opt/devkitpro/libctru/lib/libctru.a(env.o)
                              /opt/devkitpro/libctru/lib/libctru.a(srv.o) (envGetHandle)
/opt/devkitpro/libctru/lib/libctru.a(os.o)
                              /opt/devkitpro/libctru/lib/libctru.a(allocateHeaps.o) (osGetMemRegionUsed)
/opt/devkitpro/libctru/lib/libctru.a(thread.o)
[...]
Memory Configuration

Name             Origin             Length             Attributes
*default*        0x0000000000000000 0xffffffffffffffff

Linker script and memory map

                0x0000000000100000                PROVIDE (__start__ = 0x100000)
                0x0000000000100000                . = __start__

.text           0x0000000000100000    0x1f460
 *(.crt0)
 .crt0          0x0000000000100000       0x94 /opt/devkitpro/devkitARM/lib/gcc/arm-none-eabi/9.1.0/../../../../arm-none-eabi/lib/armv6k/fpu/3dsx_crt0.o
                0x0000000000100000                _start
                0x0000000000100008                __service_ptr
                0x000000000010000c                __apt_appid
                0x0000000000100010                __heap_size
                0x0000000000100014                __linear_heap_size
                0x0000000000100018                __system_arglist
                0x000000000010001c                __system_runflags
 *(.init)
 .init          0x0000000000100094        0xc /opt/devkitpro/devkitARM/lib/gcc/arm-none-eabi/9.1.0/armv6k/fpu/crti.o
                0x0000000000100094                _init
 .init          0x00000000001000a0        0xc /opt/devkitpro/devkitARM/lib/gcc/arm-none-eabi/9.1.0/armv6k/fpu/crtn.o
                0x00000000001000ac                . = ALIGN (0x4)
 *(.text)
 .text          0x00000000001000ac       0xcc MCU.o
                0x00000000001000ac                mcuInit
                0x00000000001000c8                mcuExit
                0x00000000001000e0                mcuReadRegister
                0x000000000010012c                mcuWriteRegister
 .text          0x0000000000100178      0x290 main.o
                0x0000000000100178                __appInit
                0x00000000001001b8                __appExit
                0x0000000000100204                main
 .text          0x0000000000100408      0x158 LED.o
                0x0000000000100408                ptmsysmInit
                0x0000000000100424                ptmsysmExit
                0x000000000010043c                ptmsysmSetInfoLedPattern
                0x0000000000100490                fixcolor
                0x000000000010050c                stfuled
 .text          0x0000000000100560       0x64 /opt/devkitpro/libctru/lib/libctru.a(stack_adjust.o)
                0x0000000000100560                initSystem
                0x00000000001005a4                __ctru_exit
 .text          0x00000000001005c4      0x20c /opt/devkitpro/devkitARM/lib/gcc/arm-none-eabi/9.1.0/armv6k/fpu/libgcc.a(_udivsi3.o)
                0x00000000001005c4                __udivsi3
                0x00000000001005c4                __aeabi_uidiv
                0x00000000001007b0                __aeabi_uidivmod
 .text          0x00000000001007d0      0x240 /opt/devkitpro/devkitARM/lib/gcc/arm-none-eabi/9.1.0/armv6k/fpu/libgcc.a(_divsi3.o)
                0x00000000001007d0                __aeabi_idiv
                0x00000000001007d0                __divsi3
                0x00000000001009f0                __aeabi_idivmod
 .text          0x0000000000100a10        0x4 /opt/devkitpro/devkitARM/lib/gcc/arm-none-eabi/9.1.0/armv6k/fpu/libgcc.a(_dvmd_tls.o)
                0x0000000000100a10                __aeabi_ldiv0
                0x0000000000100a10                __aeabi_idiv0
 .text          0x0000000000100a14       0x3c /opt/devkitpro/devkitARM/lib/gcc/arm-none-eabi/9.1.0/armv6k/fpu/libgcc.a(_aeabi_uldivmod.o)
                0x0000000000100a14                __aeabi_uldivmod
 *fill*         0x0000000000100a50       0x10 
 .text          0x0000000000100a60      0x390 /opt/devkitpro/devkitARM/lib/gcc/arm-none-eabi/9.1.0/../../../../arm-none-eabi/lib/armv6k/fpu/libg.a(lib_a-strcmp.o)
                0x0000000000100a68                strcmp
 .text          0x0000000000100df0      0x3c0 /opt/devkitpro/devkitARM/lib/gcc/arm-none-eabi/9.1.0/armv6k/fpu/libgcc.a(_arm_addsubdf3.o)
                0x0000000000100df0                __aeabi_drsub
                0x0000000000100df8                __aeabi_dsub
                0x0000000000100df8                __subdf3
                0x0000000000100dfc                __adddf3
                0x0000000000100dfc                __aeabi_dadd
                0x00000000001010a8                __aeabi_ui2d
                0x00000000001010a8                __floatunsidf
                0x00000000001010cc                __floatsidf
                0x00000000001010cc                __aeabi_i2d
                0x00000000001010f4                __extendsfdf2
                0x00000000001010f4                __aeabi_f2d
                0x000000000010113c                __aeabi_ul2d
                0x000000000010113c                __floatundidf
                0x0000000000101150                __floatdidf
                0x0000000000101150                __aeabi_l2d
 *(.text.*)
 .text.deregister_tm_clones
                0x00000000001011b0       0x2c /opt/devkitpro/devkitARM/lib/gcc/arm-none-eabi/9.1.0/armv6k/fpu/crtbegin.o
 .text.register_tm_clones
                0x00000000001011dc       0x38 /opt/devkitpro/devkitARM/lib/gcc/arm-none-eabi/9.1.0/armv6k/fpu/crtbegin.o
 .text.__do_global_dtors_aux
                0x0000000000101214       0x44 /opt/devkitpro/devkitARM/lib/gcc/arm-none-eabi/9.1.0/armv6k/fpu/crtbegin.o
 .text.frame_dummy
                0x0000000000101258       0x34 /opt/devkitpro/devkitARM/lib/gcc/arm-none-eabi/9.1.0/armv6k/fpu/crtbegin.o
 .text._ZL21addrMapNodeComparatorPK11rbtree_nodeS1_
                0x000000000010128c       0x24 /opt/devkitpro/libctru/lib/libctru.a(linear.o)
 .text._ZL21addrMapNodeDestructorP11rbtree_node
                0x00000000001012b0        0x4 /opt/devkitpro/libctru/lib/libctru.a(linear.o)
 .text.linearMemAlign
                0x00000000001012b4      0x124 /opt/devkitpro/libctru/lib/libctru.a(linear.o)
                0x00000000001012b4                linearMemAlign
 .text.linearAlloc
                0x00000000001013d8        0x8 /opt/devkitpro/libctru/lib/libctru.a(linear.o)
                0x00000000001013d8                linearAlloc
 .text.linearFree
                0x00000000001013e0       0x54 /opt/devkitpro/libctru/lib/libctru.a(linear.o)
                0x00000000001013e0                linearFree
 .text._ZN7MemPool13CoalesceRightEP8MemBlock
                0x0000000000101434       0x8c /opt/devkitpro/libctru/lib/libctru.a(mem_pool.o)
                0x0000000000101434                MemPool::CoalesceRight(MemBlock*)
 .text._ZN7MemPool8AllocateER8MemChunkmi
                0x00000000001014c0      0x174 /opt/devkitpro/libctru/lib/libctru.a(mem_pool.o)
                0x00000000001014c0                MemPool::Allocate(MemChunk&, unsigned long, int)
 .text._ZN7MemPool10DeallocateERK8MemChunk
                0x0000000000101634       0xfc /opt/devkitpro/libctru/lib/libctru.a(mem_pool.o)
                0x0000000000101634                MemPool::Deallocate(MemChunk const&)
 .text.romfs_close
                0x0000000000101730        0x8 /opt/devkitpro/libctru/lib/libctru.a(romfs_dev.o)
 .text.romfs_seek
                0x0000000000101738       0xd4 /opt/devkitpro/libctru/lib/libctru.a(romfs_dev.o)
 .text.romfs_dirreset
                0x000000000010180c       0x24 /opt/devkitpro/libctru/lib/libctru.a(romfs_dev.o)
 .text.romfs_fstat
                0x0000000000101830       0x78 /opt/devkitpro/libctru/lib/libctru.a(romfs_dev.o)
 .text._romfs_read_chk
                0x00000000001018a8       0x54 /opt/devkitpro/libctru/lib/libctru.a(romfs_dev.o)
 .text.romfs_read
                0x00000000001018fc       0xcc /opt/devkitpro/libctru/lib/libctru.a(romfs_dev.o)
 .text.romfs_free
                0x00000000001019c8       0x7c /opt/devkitpro/libctru/lib/libctru.a(romfs_dev.o)
 .text.romfsMountCommon
                0x0000000000101a44      0x16c /opt/devkitpro/libctru/lib/libctru.a(romfs_dev.o)
 .text.romfs_dirnext
                0x0000000000101bb0      0x254 /opt/devkitpro/libctru/lib/libctru.a(romfs_dev.o)
 .text.romfsInitMtime.isra.0
                0x0000000000101e04       0xbc /opt/devkitpro/libctru/lib/libctru.a(romfs_dev.o)
 .text.searchForFile.constprop.0
                0x0000000000101ec0       0xb4 /opt/devkitpro/libctru/lib/libctru.a(romfs_dev.o)
 .text.searchForDir.constprop.0
                0x0000000000101f74       0xb8 /opt/devkitpro/libctru/lib/libctru.a(romfs_dev.o)
 .text.navigateToDir.constprop.0
                0x000000000010202c      0x1c4 /opt/devkitpro/libctru/lib/libctru.a(romfs_dev.o)
 .text.romfs_open
                0x00000000001021f0      0x11c /opt/devkitpro/libctru/lib/libctru.a(romfs_dev.o)
 .text.romfs_stat
                0x000000000010230c      0x204 /opt/devkitpro/libctru/lib/libctru.a(romfs_dev.o)
 .text.romfs_chdir
                0x0000000000102510       0x54 /opt/devkitpro/libctru/lib/libctru.a(romfs_dev.o)
 .text.romfs_diropen
                0x0000000000102564       0x78 /opt/devkitpro/libctru/lib/libctru.a(romfs_dev.o)
 .text.romfs_dirclose
                0x00000000001025dc        0x8 /opt/devkitpro/libctru/lib/libctru.a(romfs_dev.o)
 .text.romfsMount
                0x00000000001025e4      0x344 /opt/devkitpro/libctru/lib/libctru.a(romfs_dev.o)
                0x00000000001025e4                romfsMount
 .text.romfsUnmount
                0x0000000000102928       0x78 /opt/devkitpro/libctru/lib/libctru.a(romfs_dev.o)
                0x0000000000102928                romfsUnmount
 .text.consoleDrawChar
                0x00000000001029a0      0x1b8 /opt/devkitpro/libctru/lib/libctru.a(console.o)
                0x00000000001029a0                consoleDrawChar
 .text.consolePrintChar
                0x0000000000102b58      0x124 /opt/devkitpro/libctru/lib/libctru.a(console.o)
                0x0000000000102b58                consolePrintChar
 .text.consoleCls
                0x0000000000102c7c      0x15c /opt/devkitpro/libctru/lib/libctru.a(console.o)
 .text.consoleInit
                0x0000000000102dd8      0x104 /opt/devkitpro/libctru/lib/libctru.a(console.o)
                0x0000000000102dd8                consoleInit
 .text.consoleClearLine
                0x0000000000102edc      0x10c /opt/devkitpro/libctru/lib/libctru.a(console.o)
 .text.newRow   0x0000000000102fe8       0xc4 /opt/devkitpro/libctru/lib/libctru.a(console.o)
 .text.con_write
                0x00000000001030ac      0x7cc /opt/devkitpro/libctru/lib/libctru.a(console.o)
                0x00000000001030ac                con_write
 .text.srvExit  0x0000000000103878       0x58 /opt/devkitpro/libctru/lib/libctru.a(srv.o)
                0x0000000000103878                srvExit
 .text.srvRegisterClient
                0x00000000001038d0       0x38 /opt/devkitpro/libctru/lib/libctru.a(srv.o)
                0x00000000001038d0                srvRegisterClient
 .text.srvInit  0x0000000000103908       0xcc /opt/devkitpro/libctru/lib/libctru.a(srv.o)
                0x0000000000103908                srvInit
 .text.srvGetServiceHandleDirect
                0x00000000001039d4       0x80 /opt/devkitpro/libctru/lib/libctru.a(srv.o)
                0x00000000001039d4                srvGetServiceHandleDirect
 .text.srvGetServiceHandle
                0x0000000000103a54       0x48 /opt/devkitpro/libctru/lib/libctru.a(srv.o)
                0x0000000000103a54                srvGetServiceHandle
 .text.sdmc_link
                0x0000000000103a9c       0x14 /opt/devkitpro/libctru/lib/libctru.a(sdmc_dev.o)
 .text.sdmc_dirreset
                0x0000000000103ab0       0x14 /opt/devkitpro/libctru/lib/libctru.a(sdmc_dev.o)
 .text.sdmc_chmod
                0x0000000000103ac4       0x14 /opt/devkitpro/libctru/lib/libctru.a(sdmc_dev.o)
 .text.error_cmp
                0x0000000000103ad8       0x24 /opt/devkitpro/libctru/lib/libctru.a(sdmc_dev.o)
 .text.sdmc_translate_error
                0x0000000000103afc       0x50 /opt/devkitpro/libctru/lib/libctru.a(sdmc_dev.o)
 .text.sdmc_fsync
                0x0000000000103b4c       0x34 /opt/devkitpro/libctru/lib/libctru.a(sdmc_dev.o)
 .text.sdmc_ftruncate
                0x0000000000103b80       0x54 /opt/devkitpro/libctru/lib/libctru.a(sdmc_dev.o)
 .text.sdmc_statvfs
                0x0000000000103bd4       0xbc /opt/devkitpro/libctru/lib/libctru.a(sdmc_dev.o)
 .text.sdmc_dirclose
                0x0000000000103c90       0x38 /opt/devkitpro/libctru/lib/libctru.a(sdmc_dev.o)
 .text.sdmc_dirnext
                0x0000000000103cc8      0x13c /opt/devkitpro/libctru/lib/libctru.a(sdmc_dev.o)
 .text.sdmc_close
                0x0000000000103e04       0x34 /opt/devkitpro/libctru/lib/libctru.a(sdmc_dev.o)
 .text.sdmc_fstat
                0x0000000000103e38       0x70 /opt/devkitpro/libctru/lib/libctru.a(sdmc_dev.o)
 .text.sdmc_seek
                0x0000000000103ea8       0xd4 /opt/devkitpro/libctru/lib/libctru.a(sdmc_dev.o)
 .text.sdmc_read
                0x0000000000103f7c       0x78 /opt/devkitpro/libctru/lib/libctru.a(sdmc_dev.o)
 .text.sdmc_write
                0x0000000000103ff4       0xac /opt/devkitpro/libctru/lib/libctru.a(sdmc_dev.o)
 .text.sdmc_utf16path
                0x00000000001040a0      0x1b0 /opt/devkitpro/libctru/lib/libctru.a(sdmc_dev.o)
 .text.sdmc_rmdir
                0x0000000000104250       0x74 /opt/devkitpro/libctru/lib/libctru.a(sdmc_dev.o)
 .text.sdmc_diropen
                0x00000000001042c4       0xa4 /opt/devkitpro/libctru/lib/libctru.a(sdmc_dev.o)
 .text.sdmc_chdir
                0x0000000000104368       0xac /opt/devkitpro/libctru/lib/libctru.a(sdmc_dev.o)
 .text.sdmc_mkdir
                0x0000000000104414       0x98 /opt/devkitpro/libctru/lib/libctru.a(sdmc_dev.o)
 .text.sdmc_rename
                0x00000000001044ac      0x108 /opt/devkitpro/libctru/lib/libctru.a(sdmc_dev.o)
 .text.sdmc_unlink
                0x00000000001045b4       0x74 /opt/devkitpro/libctru/lib/libctru.a(sdmc_dev.o)
 .text.sdmc_stat
                0x0000000000104628      0x108 /opt/devkitpro/libctru/lib/libctru.a(sdmc_dev.o)
 .text.sdmc_open
                0x0000000000104730      0x198 /opt/devkitpro/libctru/lib/libctru.a(sdmc_dev.o)
 .text.sdmc_fchmod
                0x00000000001048c8       0x14 /opt/devkitpro/libctru/lib/libctru.a(sdmc_dev.o)
 .text.sdmcInit
                0x00000000001048dc      0x168 /opt/devkitpro/libctru/lib/libctru.a(sdmc_dev.o)
                0x00000000001048dc                sdmcInit
 .text.sdmcExit
                0x0000000000104a44       0x60 /opt/devkitpro/libctru/lib/libctru.a(sdmc_dev.o)
                0x0000000000104a44                sdmcExit
 .text.gfxSetFramebufferInfo.part.0
                0x0000000000104aa4       0x8c /opt/devkitpro/libctru/lib/libctru.a(gfx.o)
 .text.gfxSetFramebufferInfo
                0x0000000000104b30       0x6c /opt/devkitpro/libctru/lib/libctru.a(gfx.o)
 .text.gfxGetFramebuffer.part.0
                0x0000000000104b9c       0x58 /opt/devkitpro/libctru/lib/libctru.a(gfx.o)
 .text.__get_bytes_per_pixel
                0x0000000000104bf4       0x18 /opt/devkitpro/libctru/lib/libctru.a(gfx.o)
                0x0000000000104bf4                __get_bytes_per_pixel
 .text.gfxSetScreenFormat
                0x0000000000104c0c      0x184 /opt/devkitpro/libctru/lib/libctru.a(gfx.o)
                0x0000000000104c0c                gfxSetScreenFormat
 .text.gfxSetDoubleBuffering
                0x0000000000104d90       0x10 /opt/devkitpro/libctru/lib/libctru.a(gfx.o)
                0x0000000000104d90                gfxSetDoubleBuffering
 .text.gfxInit  0x0000000000104da0      0x214 /opt/devkitpro/libctru/lib/libctru.a(gfx.o)
                0x0000000000104da0                gfxInit
 .text.gfxInitDefault
                0x0000000000104fb4       0x10 /opt/devkitpro/libctru/lib/libctru.a(gfx.o)
                0x0000000000104fb4                gfxInitDefault
 .text.gfxExit  0x0000000000104fc4       0xe0 /opt/devkitpro/libctru/lib/libctru.a(gfx.o)
                0x0000000000104fc4                gfxExit
 .text.gfxGetFramebuffer
                0x00000000001050a4       0x64 /opt/devkitpro/libctru/lib/libctru.a(gfx.o)
                0x00000000001050a4                gfxGetFramebuffer
 .text.gfxFlushBuffers
                0x0000000000105108       0xcc /opt/devkitpro/libctru/lib/libctru.a(gfx.o)
                0x0000000000105108                gfxFlushBuffers
 .text.gfxConfigScreen
                0x00000000001051d4       0xf4 /opt/devkitpro/libctru/lib/libctru.a(gfx.o)
                0x00000000001051d4                gfxConfigScreen
 .text.gfxSwapBuffers
                0x00000000001052c8       0x20 /opt/devkitpro/libctru/lib/libctru.a(gfx.o)
                0x00000000001052c8                gfxSwapBuffers
 .text.gfxSwapBuffersGpu
                0x00000000001052e8       0x20 /opt/devkitpro/libctru/lib/libctru.a(gfx.o)
                0x00000000001052e8                gfxSwapBuffersGpu
 .text.gspInit  0x0000000000105308       0x74 /opt/devkitpro/libctru/lib/libctru.a(gspgpu.o)
                0x0000000000105308                gspInit
 .text.gspExit  0x000000000010537c       0x3c /opt/devkitpro/libctru/lib/libctru.a(gspgpu.o)
                0x000000000010537c                gspExit
 .text.gspInitEventHandler
                0x00000000001053b8       0xa4 /opt/devkitpro/libctru/lib/libctru.a(gspgpu.o)
                0x00000000001053b8                gspInitEventHandler
 .text.gspExitEventHandler
                0x000000000010545c       0x40 /opt/devkitpro/libctru/lib/libctru.a(gspgpu.o)
                0x000000000010545c                gspExitEventHandler
 .text.gspWaitForEvent
                0x000000000010549c       0x50 /opt/devkitpro/libctru/lib/libctru.a(gspgpu.o)
                0x000000000010549c                gspWaitForEvent
 .text.gxCmdQueueInterrupt
                0x00000000001054ec        0x4 /opt/devkitpro/libctru/lib/libctru.a(gspgpu.o)
                0x00000000001054ec                gxCmdQueueInterrupt
 .text.gspEventThreadMain
                0x00000000001054f0      0x178 /opt/devkitpro/libctru/lib/libctru.a(gspgpu.o)
 .text.GSPGPU_SetBufferSwap
                0x0000000000105668       0x6c /opt/devkitpro/libctru/lib/libctru.a(gspgpu.o)
                0x0000000000105668                GSPGPU_SetBufferSwap
 .text.GSPGPU_FlushDataCache
                0x00000000001056d4       0x4c /opt/devkitpro/libctru/lib/libctru.a(gspgpu.o)
                0x00000000001056d4                GSPGPU_FlushDataCache
 .text.GSPGPU_SetLcdForceBlack
                0x0000000000105720       0x34 /opt/devkitpro/libctru/lib/libctru.a(gspgpu.o)
                0x0000000000105720                GSPGPU_SetLcdForceBlack
 .text.GSPGPU_RegisterInterruptRelayQueue
                0x0000000000105754       0x64 /opt/devkitpro/libctru/lib/libctru.a(gspgpu.o)
                0x0000000000105754                GSPGPU_RegisterInterruptRelayQueue
 .text.GSPGPU_UnregisterInterruptRelayQueue
                0x00000000001057b8       0x2c /opt/devkitpro/libctru/lib/libctru.a(gspgpu.o)
                0x00000000001057b8                GSPGPU_UnregisterInterruptRelayQueue
 .text.GSPGPU_AcquireRight
                0x00000000001057e4       0x48 /opt/devkitpro/libctru/lib/libctru.a(gspgpu.o)
                0x00000000001057e4                GSPGPU_AcquireRight
 .text.GSPGPU_ReleaseRight
                0x000000000010582c       0x2c /opt/devkitpro/libctru/lib/libctru.a(gspgpu.o)
                0x000000000010582c                GSPGPU_ReleaseRight
 .text.GSPGPU_ImportDisplayCaptureInfo
                0x0000000000105858       0x80 /opt/devkitpro/libctru/lib/libctru.a(gspgpu.o)
                0x0000000000105858                GSPGPU_ImportDisplayCaptureInfo
 .text.GSPGPU_SaveVramSysArea
                0x00000000001058d8       0x2c /opt/devkitpro/libctru/lib/libctru.a(gspgpu.o)
                0x00000000001058d8                GSPGPU_SaveVramSysArea
 .text.GSPGPU_RestoreVramSysArea
                0x0000000000105904       0x2c /opt/devkitpro/libctru/lib/libctru.a(gspgpu.o)
                0x0000000000105904                GSPGPU_RestoreVramSysArea
 .text.acInit   0x0000000000105930       0x8c /opt/devkitpro/libctru/lib/libctru.a(ac.o)
                0x0000000000105930                acInit
 .text.acExit   0x00000000001059bc       0x3c /opt/devkitpro/libctru/lib/libctru.a(ac.o)
                0x00000000001059bc                acExit
 .text._aptDebug
                0x00000000001059f8        0x4 /opt/devkitpro/libctru/lib/libctru.a(apt.o)
                0x00000000001059f8                _aptDebug
 .text.aptSendCommand
                0x00000000001059fc      0x170 /opt/devkitpro/libctru/lib/libctru.a(apt.o)
                0x00000000001059fc                aptSendCommand
 .text.aptExitProcess
                0x0000000000105b6c       0x3c /opt/devkitpro/libctru/lib/libctru.a(apt.o)
 .text.APT_HardwareResetAsync
                0x0000000000105ba8       0x20 /opt/devkitpro/libctru/lib/libctru.a(apt.o)
                0x0000000000105ba8                APT_HardwareResetAsync
 .text.APT_InquireNotification
                0x0000000000105bc8       0x50 /opt/devkitpro/libctru/lib/libctru.a(apt.o)
                0x0000000000105bc8                APT_InquireNotification
 .text.aptEventHandler
                0x0000000000105c18      0x194 /opt/devkitpro/libctru/lib/libctru.a(apt.o)
 .text.APT_AppletUtility
                0x0000000000105dac       0x74 /opt/devkitpro/libctru/lib/libctru.a(apt.o)
                0x0000000000105dac                APT_AppletUtility
 .text.aptSetSleepAllowed
                0x0000000000105e20       0xb0 /opt/devkitpro/libctru/lib/libctru.a(apt.o)
                0x0000000000105e20                aptSetSleepAllowed
 .text.APT_GlanceParameter
                0x0000000000105ed0       0xb4 /opt/devkitpro/libctru/lib/libctru.a(apt.o)
                0x0000000000105ed0                APT_GlanceParameter
 .text.APT_ReceiveParameter
                0x0000000000105f84       0xc8 /opt/devkitpro/libctru/lib/libctru.a(apt.o)
                0x0000000000105f84                APT_ReceiveParameter
 .text.aptReceiveParameter.constprop.0
                0x000000000010604c       0xbc /opt/devkitpro/libctru/lib/libctru.a(apt.o)
 .text.aptScreenTransfer
                0x0000000000106108      0x1e0 /opt/devkitpro/libctru/lib/libctru.a(apt.o)
 .text.aptWaitForWakeUp
                0x00000000001062e8      0x210 /opt/devkitpro/libctru/lib/libctru.a(apt.o)
 .text.APT_CancelParameter
                0x00000000001064f8       0x70 /opt/devkitpro/libctru/lib/libctru.a(apt.o)
                0x00000000001064f8                APT_CancelParameter
 .text.aptInit  0x0000000000106568      0x25c /opt/devkitpro/libctru/lib/libctru.a(apt.o)
                0x0000000000106568                aptInit
 .text.aptClearParamQueue
                0x00000000001067c4       0x88 /opt/devkitpro/libctru/lib/libctru.a(apt.o)
 .text.aptMainLoop
                0x000000000010684c      0x264 /opt/devkitpro/libctru/lib/libctru.a(apt.o)
                0x000000000010684c                aptMainLoop
 .text.aptExit  0x0000000000106ab0      0x254 /opt/devkitpro/libctru/lib/libctru.a(apt.o)
                0x0000000000106ab0                aptExit
 .text.APT_CheckNew3DS
                0x0000000000106d04       0x7c /opt/devkitpro/libctru/lib/libctru.a(apt.o)
                0x0000000000106d04                APT_CheckNew3DS
 .text.hidExit  0x0000000000106d80       0xd0 /opt/devkitpro/libctru/lib/libctru.a(hid.o)
                0x0000000000106d80                hidExit
 .text.HIDUSER_GetHandles
                0x0000000000106e50       0x90 /opt/devkitpro/libctru/lib/libctru.a(hid.o)
                0x0000000000106e50                HIDUSER_GetHandles
 .text.hidInit  0x0000000000106ee0      0x1a4 /opt/devkitpro/libctru/lib/libctru.a(hid.o)
                0x0000000000106ee0                hidInit
 .text.srvPmGetSessionHandle
                0x0000000000107084        0xc /opt/devkitpro/libctru/lib/libctru.a(srvpm.o)
                0x0000000000107084                srvPmGetSessionHandle
 .text.fsSessionForArchive.part.0
                0x0000000000107090       0x28 /opt/devkitpro/libctru/lib/libctru.a(fs.o)
 .text.fsInit   0x00000000001070b8       0xc4 /opt/devkitpro/libctru/lib/libctru.a(fs.o)
                0x00000000001070b8                fsInit
 .text.fsExit   0x000000000010717c       0x3c /opt/devkitpro/libctru/lib/libctru.a(fs.o)
                0x000000000010717c                fsExit
 .text.fsExemptFromSession
                0x00000000001071b8       0x64 /opt/devkitpro/libctru/lib/libctru.a(fs.o)
                0x00000000001071b8                fsExemptFromSession
 .text.fsUnexemptFromSession
                0x000000000010721c       0x5c /opt/devkitpro/libctru/lib/libctru.a(fs.o)
                0x000000000010721c                fsUnexemptFromSession
 .text.FSUSER_OpenFile
                0x0000000000107278       0xbc /opt/devkitpro/libctru/lib/libctru.a(fs.o)
                0x0000000000107278                FSUSER_OpenFile
 .text.FSUSER_OpenFileDirectly
                0x0000000000107334       0xd4 /opt/devkitpro/libctru/lib/libctru.a(fs.o)
                0x0000000000107334                FSUSER_OpenFileDirectly
 .text.FSUSER_DeleteFile
                0x0000000000107408       0xac /opt/devkitpro/libctru/lib/libctru.a(fs.o)
                0x0000000000107408                FSUSER_DeleteFile
 .text.FSUSER_RenameFile
                0x00000000001074b4       0xe8 /opt/devkitpro/libctru/lib/libctru.a(fs.o)
                0x00000000001074b4                FSUSER_RenameFile
 .text.FSUSER_DeleteDirectory
                0x000000000010759c       0xac /opt/devkitpro/libctru/lib/libctru.a(fs.o)
                0x000000000010759c                FSUSER_DeleteDirectory
 .text.FSUSER_CreateFile
                0x0000000000107648       0xc4 /opt/devkitpro/libctru/lib/libctru.a(fs.o)
                0x0000000000107648                FSUSER_CreateFile
 .text.FSUSER_CreateDirectory
                0x000000000010770c       0xb4 /opt/devkitpro/libctru/lib/libctru.a(fs.o)
                0x000000000010770c                FSUSER_CreateDirectory
 .text.FSUSER_RenameDirectory
                0x00000000001077c0       0xe8 /opt/devkitpro/libctru/lib/libctru.a(fs.o)
                0x00000000001077c0                FSUSER_RenameDirectory
 .text.FSUSER_OpenDirectory
                0x00000000001078a8       0xa0 /opt/devkitpro/libctru/lib/libctru.a(fs.o)
                0x00000000001078a8                FSUSER_OpenDirectory
 .text.FSUSER_OpenArchive
                0x0000000000107948       0x98 /opt/devkitpro/libctru/lib/libctru.a(fs.o)
                0x0000000000107948                FSUSER_OpenArchive
 .text.FSUSER_ControlArchive
                0x00000000001079e0       0xa0 /opt/devkitpro/libctru/lib/libctru.a(fs.o)
                0x00000000001079e0                FSUSER_ControlArchive
 .text.FSUSER_CloseArchive
                0x0000000000107a80       0x78 /opt/devkitpro/libctru/lib/libctru.a(fs.o)
                0x0000000000107a80                FSUSER_CloseArchive
 .text.FSUSER_GetSdmcArchiveResource
                0x0000000000107af8       0x78 /opt/devkitpro/libctru/lib/libctru.a(fs.o)
                0x0000000000107af8                FSUSER_GetSdmcArchiveResource
 .text.FSUSER_IsSdmcWritable
                0x0000000000107b70       0x64 /opt/devkitpro/libctru/lib/libctru.a(fs.o)
                0x0000000000107b70                FSUSER_IsSdmcWritable
 .text.FSFILE_Read
                0x0000000000107bd4       0x5c /opt/devkitpro/libctru/lib/libctru.a(fs.o)
                0x0000000000107bd4                FSFILE_Read
 .text.FSFILE_Write
                0x0000000000107c30       0x64 /opt/devkitpro/libctru/lib/libctru.a(fs.o)
                0x0000000000107c30                FSFILE_Write
 .text.FSFILE_GetSize
                0x0000000000107c94       0x38 /opt/devkitpro/libctru/lib/libctru.a(fs.o)
                0x0000000000107c94                FSFILE_GetSize
 .text.FSFILE_SetSize
                0x0000000000107ccc       0x28 /opt/devkitpro/libctru/lib/libctru.a(fs.o)
                0x0000000000107ccc                FSFILE_SetSize
 .text.FSFILE_Close
                0x0000000000107cf4       0x3c /opt/devkitpro/libctru/lib/libctru.a(fs.o)
                0x0000000000107cf4                FSFILE_Close
 .text.FSFILE_Flush
                0x0000000000107d30       0x24 /opt/devkitpro/libctru/lib/libctru.a(fs.o)
                0x0000000000107d30                FSFILE_Flush
 .text.FSDIR_Read
                0x0000000000107d54       0x54 /opt/devkitpro/libctru/lib/libctru.a(fs.o)
                0x0000000000107d54                FSDIR_Read
 .text.FSDIR_Close
                0x0000000000107da8       0x3c /opt/devkitpro/libctru/lib/libctru.a(fs.o)
                0x0000000000107da8                FSDIR_Close
 .text.rbtree_init
                0x0000000000107de4       0x14 /opt/devkitpro/libctru/lib/libctru.a(rbtree_init.o)
                0x0000000000107de4                rbtree_init
 .text.do_insert
                0x0000000000107df8      0x1a4 /opt/devkitpro/libctru/lib/libctru.a(rbtree_insert.o)
 .text.rbtree_insert
                0x0000000000107f9c        0x8 /opt/devkitpro/libctru/lib/libctru.a(rbtree_insert.o)
                0x0000000000107f9c                rbtree_insert
 .text.rbtree_rotate
                0x0000000000107fa4       0x90 /opt/devkitpro/libctru/lib/libctru.a(rbtree_rotate.o)
                0x0000000000107fa4                rbtree_rotate
 .text.rbtree_remove
                0x0000000000108034      0x334 /opt/devkitpro/libctru/lib/libctru.a(rbtree_remove.o)
                0x0000000000108034                rbtree_remove
 .text.rbtree_find
                0x0000000000108368       0x74 /opt/devkitpro/libctru/lib/libctru.a(rbtree_find.o)
                0x0000000000108368                rbtree_find
 .text.utf16_to_utf8
                0x00000000001083dc       0xe8 /opt/devkitpro/libctru/lib/libctru.a(utf16_to_utf8.o)
                0x00000000001083dc                utf16_to_utf8
 .text.decode_utf16
                0x00000000001084c4       0x60 /opt/devkitpro/libctru/lib/libctru.a(decode_utf16.o)
                0x00000000001084c4                decode_utf16
 .text.decode_utf8
                0x0000000000108524      0x138 /opt/devkitpro/libctru/lib/libctru.a(decode_utf8.o)
                0x0000000000108524                decode_utf8
 .text.utf8_to_utf16
                0x000000000010865c       0xc0 /opt/devkitpro/libctru/lib/libctru.a(utf8_to_utf16.o)
                0x000000000010865c                utf8_to_utf16
 .text.__libctru_init
                0x000000000010871c       0x38 /opt/devkitpro/libctru/lib/libctru.a(initSystem.o)
                0x000000000010871c                __libctru_init
 .text.__libctru_nanosleep
                0x0000000000108754       0x34 /opt/devkitpro/libctru/lib/libctru.a(syscalls.o)
 .text.__ctru_get_reent
                0x0000000000108788       0x30 /opt/devkitpro/libctru/lib/libctru.a(syscalls.o)
 .text.__system_initSyscalls
                0x00000000001087b8       0xfc /opt/devkitpro/libctru/lib/libctru.a(syscalls.o)
                0x00000000001087b8                __system_initSyscalls
 .text.__system_allocateHeaps
                0x00000000001088b4      0x100 /opt/devkitpro/libctru/lib/libctru.a(allocateHeaps.o)
                0x00000000001088b4                __system_allocateHeaps
 .text.__system_initArgv
                0x00000000001089b4       0xf0 /opt/devkitpro/libctru/lib/libctru.a(initArgv.o)
                0x00000000001089b4                __system_initArgv
 .text.svcControlMemory
                0x0000000000108aa4       0x20 /opt/devkitpro/libctru/lib/libctru.a(svc.o)
                0x0000000000108aa4                svcControlMemory
 .text.svcExitProcess
                0x0000000000108ac4        0x8 /opt/devkitpro/libctru/lib/libctru.a(svc.o)
                0x0000000000108ac4                svcExitProcess
 .text.svcCreateThread
                0x0000000000108acc       0x20 /opt/devkitpro/libctru/lib/libctru.a(svc.o)
                0x0000000000108acc                svcCreateThread
 .text.svcExitThread
                0x0000000000108aec        0x8 /opt/devkitpro/libctru/lib/libctru.a(svc.o)
                0x0000000000108aec                svcExitThread
 .text.svcSleepThread
                0x0000000000108af4        0x8 /opt/devkitpro/libctru/lib/libctru.a(svc.o)
                0x0000000000108af4                svcSleepThread
 .text.svcReleaseMutex
                0x0000000000108afc        0x8 /opt/devkitpro/libctru/lib/libctru.a(svc.o)
                0x0000000000108afc                svcReleaseMutex
 .text.svcCreateEvent
                0x0000000000108b04       0x14 /opt/devkitpro/libctru/lib/libctru.a(svc.o)
                0x0000000000108b04                svcCreateEvent
 .text.svcSignalEvent
                0x0000000000108b18        0x8 /opt/devkitpro/libctru/lib/libctru.a(svc.o)
                0x0000000000108b18                svcSignalEvent
 .text.svcClearEvent
                0x0000000000108b20        0x8 /opt/devkitpro/libctru/lib/libctru.a(svc.o)
                0x0000000000108b20                svcClearEvent
 .text.svcMapMemoryBlock
                0x0000000000108b28        0x8 /opt/devkitpro/libctru/lib/libctru.a(svc.o)
                0x0000000000108b28                svcMapMemoryBlock
 .text.svcUnmapMemoryBlock
                0x0000000000108b30        0x8 /opt/devkitpro/libctru/lib/libctru.a(svc.o)
                0x0000000000108b30                svcUnmapMemoryBlock
 .text.svcCreateAddressArbiter
                0x0000000000108b38       0x14 /opt/devkitpro/libctru/lib/libctru.a(svc.o)
                0x0000000000108b38                svcCreateAddressArbiter
 .text.svcArbitrateAddress
                0x0000000000108b4c       0x18 /opt/devkitpro/libctru/lib/libctru.a(svc.o)
                0x0000000000108b4c                svcArbitrateAddress
 .text.svcCloseHandle
                0x0000000000108b64        0x8 /opt/devkitpro/libctru/lib/libctru.a(svc.o)
                0x0000000000108b64                svcCloseHandle
 .text.svcWaitSynchronization
                0x0000000000108b6c        0x8 /opt/devkitpro/libctru/lib/libctru.a(svc.o)
                0x0000000000108b6c                svcWaitSynchronization
 .text.svcWaitSynchronizationN
                0x0000000000108b74       0x28 /opt/devkitpro/libctru/lib/libctru.a(svc.o)
                0x0000000000108b74                svcWaitSynchronizationN
 .text.svcDuplicateHandle
                0x0000000000108b9c       0x14 /opt/devkitpro/libctru/lib/libctru.a(svc.o)
                0x0000000000108b9c                svcDuplicateHandle
 .text.svcGetSystemTick
                0x0000000000108bb0        0x8 /opt/devkitpro/libctru/lib/libctru.a(svc.o)
                0x0000000000108bb0                svcGetSystemTick
 .text.svcGetSystemInfo
                0x0000000000108bb8       0x18 /opt/devkitpro/libctru/lib/libctru.a(svc.o)
                0x0000000000108bb8                svcGetSystemInfo
 .text.svcConnectToPort
                0x0000000000108bd0       0x14 /opt/devkitpro/libctru/lib/libctru.a(svc.o)
                0x0000000000108bd0                svcConnectToPort
 .text.svcSendSyncRequest
                0x0000000000108be4        0x8 /opt/devkitpro/libctru/lib/libctru.a(svc.o)
                0x0000000000108be4                svcSendSyncRequest
 .text.svcBreak
                0x0000000000108bec        0x8 /opt/devkitpro/libctru/lib/libctru.a(svc.o)
                0x0000000000108bec                svcBreak
 .text.__aeabi_read_tp
                0x0000000000108bf4        0xc /opt/devkitpro/libctru/lib/libctru.a(readtp.o)
                0x0000000000108bf4                __aeabi_read_tp
 .text._ZL21addrMapNodeComparatorPK11rbtree_nodeS1_
                0x0000000000108c00       0x24 /opt/devkitpro/libctru/lib/libctru.a(vram.o)
 .text._ZL21addrMapNodeDestructorP11rbtree_node
                0x0000000000108c24        0x4 /opt/devkitpro/libctru/lib/libctru.a(vram.o)
 .text.vramMemAlign
                0x0000000000108c28      0x114 /opt/devkitpro/libctru/lib/libctru.a(vram.o)
                0x0000000000108c28                vramMemAlign
 .text.vramAlloc
                0x0000000000108d3c        0x8 /opt/devkitpro/libctru/lib/libctru.a(vram.o)
                0x0000000000108d3c                vramAlloc
 .text.vramFree
                0x0000000000108d44       0x54 /opt/devkitpro/libctru/lib/libctru.a(vram.o)
                0x0000000000108d44                vramFree
 .text._ZL21addrMapNodeComparatorPK11rbtree_nodeS1_
                0x0000000000108d98       0x24 /opt/devkitpro/libctru/lib/libctru.a(mappable.o)
 .text._ZL21addrMapNodeDestructorP11rbtree_node
                0x0000000000108dbc        0x4 /opt/devkitpro/libctru/lib/libctru.a(mappable.o)
 .text.mappableAlloc
                0x0000000000108dc0       0xe8 /opt/devkitpro/libctru/lib/libctru.a(mappable.o)
                0x0000000000108dc0                mappableAlloc
 .text.mappableFree
                0x0000000000108ea8       0x54 /opt/devkitpro/libctru/lib/libctru.a(mappable.o)
                0x0000000000108ea8                mappableFree
 .text.LightLock_Unlock.part.0
                0x0000000000108efc       0x38 /opt/devkitpro/libctru/lib/libctru.a(synchronization.o)
 .text.__sync_init
                0x0000000000108f34        0xc /opt/devkitpro/libctru/lib/libctru.a(synchronization.o)
                0x0000000000108f34                __sync_init
 .text.__sync_fini
                0x0000000000108f40       0x18 /opt/devkitpro/libctru/lib/libctru.a(synchronization.o)
                0x0000000000108f40                __sync_fini
 .text.__sync_get_arbiter
                0x0000000000108f58       0x10 /opt/devkitpro/libctru/lib/libctru.a(synchronization.o)
                0x0000000000108f58                __sync_get_arbiter
 .text.LightLock_Init
                0x0000000000108f68       0x18 /opt/devkitpro/libctru/lib/libctru.a(synchronization.o)
                0x0000000000108f68                LightLock_Init
 .text.LightLock_Lock
                0x0000000000108f80       0x90 /opt/devkitpro/libctru/lib/libctru.a(synchronization.o)
                0x0000000000108f80                LightLock_Lock
 .text.LightLock_TryLock
                0x0000000000109010       0x34 /opt/devkitpro/libctru/lib/libctru.a(synchronization.o)
                0x0000000000109010                LightLock_TryLock
 .text.LightLock_Unlock
                0x0000000000109044       0x20 /opt/devkitpro/libctru/lib/libctru.a(synchronization.o)
                0x0000000000109044                LightLock_Unlock
 .text.RecursiveLock_Init
                0x0000000000109064       0x24 /opt/devkitpro/libctru/lib/libctru.a(synchronization.o)
                0x0000000000109064                RecursiveLock_Init
 .text.RecursiveLock_Lock
                0x0000000000109088       0x30 /opt/devkitpro/libctru/lib/libctru.a(synchronization.o)
                0x0000000000109088                RecursiveLock_Lock
 .text.RecursiveLock_TryLock
                0x00000000001090b8       0x58 /opt/devkitpro/libctru/lib/libctru.a(synchronization.o)
                0x00000000001090b8                RecursiveLock_TryLock
 .text.RecursiveLock_Unlock
                0x0000000000109110       0x38 /opt/devkitpro/libctru/lib/libctru.a(synchronization.o)
                0x0000000000109110                RecursiveLock_Unlock
 .text.LightEvent_Init
                0x0000000000109148       0x38 /opt/devkitpro/libctru/lib/libctru.a(synchronization.o)
                0x0000000000109148                LightEvent_Init
 .text.LightEvent_Clear
                0x0000000000109180       0x7c /opt/devkitpro/libctru/lib/libctru.a(synchronization.o)
                0x0000000000109180                LightEvent_Clear
 .text.LightEvent_Signal
                0x00000000001091fc       0xdc /opt/devkitpro/libctru/lib/libctru.a(synchronization.o)
                0x00000000001091fc                LightEvent_Signal
 .text.LightEvent_Wait
                0x00000000001092d8       0xc0 /opt/devkitpro/libctru/lib/libctru.a(synchronization.o)
                0x00000000001092d8                LightEvent_Wait
 .text.envGetHandle
                0x0000000000109398       0x84 /opt/devkitpro/libctru/lib/libctru.a(env.o)
                0x0000000000109398                envGetHandle
 .text.envDestroyHandles
                0x000000000010941c       0x4c /opt/devkitpro/libctru/lib/libctru.a(env.o)
                0x000000000010941c                envDestroyHandles
 .text.getSysTime
                0x0000000000109468       0x58 /opt/devkitpro/libctru/lib/libctru.a(os.o)
 .text.__ctru_speedup_config.part.0
                0x00000000001094c0       0x28 /opt/devkitpro/libctru/lib/libctru.a(os.o)
 .text.osGetMemRegionUsed
                0x00000000001094e8       0x24 /opt/devkitpro/libctru/lib/libctru.a(os.o)
                0x00000000001094e8                osGetMemRegionUsed
 *fill*         0x000000000010950c        0x4 
 .text.__libctru_gtod
                0x0000000000109510      0x128 /opt/devkitpro/libctru/lib/libctru.a(os.o)
                0x0000000000109510                __libctru_gtod
 .text.__ctru_speedup_config
                0x0000000000109638       0x18 /opt/devkitpro/libctru/lib/libctru.a(os.o)
                0x0000000000109638                __ctru_speedup_config
 .text.threadFree.part.0
                0x0000000000109650       0x1c /opt/devkitpro/libctru/lib/libctru.a(thread.o)
 .text.threadCreate
                0x000000000010966c      0x180 /opt/devkitpro/libctru/lib/libctru.a(thread.o)
                0x000000000010966c                threadCreate
 .text.threadJoin
                0x00000000001097ec       0x24 /opt/devkitpro/libctru/lib/libctru.a(thread.o)
                0x00000000001097ec                threadJoin
 .text.threadExit
                0x0000000000109810       0x68 /opt/devkitpro/libctru/lib/libctru.a(thread.o)
                0x0000000000109810                threadExit
 .text._thread_begin
                0x0000000000109878       0x48 /opt/devkitpro/libctru/lib/libctru.a(thread.o)
 .text.IRRST_GetHandles
                0x00000000001098c0       0x50 /opt/devkitpro/libctru/lib/libctru.a(irrst.o)
                0x00000000001098c0                IRRST_GetHandles
 .text.irrstInit
                0x0000000000109910      0x154 /opt/devkitpro/libctru/lib/libctru.a(irrst.o)
                0x0000000000109910                irrstInit
 .text.IRRST_Shutdown
                0x0000000000109a64       0x2c /opt/devkitpro/libctru/lib/libctru.a(irrst.o)
                0x0000000000109a64                IRRST_Shutdown
 .text.irrstExit
                0x0000000000109a90       0xac /opt/devkitpro/libctru/lib/libctru.a(irrst.o)
                0x0000000000109a90                irrstExit
 .text.ptmSysmInit
                0x0000000000109b3c       0x74 /opt/devkitpro/libctru/lib/libctru.a(ptmsysm.o)
                0x0000000000109b3c                ptmSysmInit
 .text.ptmSysmExit
                0x0000000000109bb0       0x3c /opt/devkitpro/libctru/lib/libctru.a(ptmsysm.o)
                0x0000000000109bb0                ptmSysmExit
 .text.PTMSYSM_ConfigureNew3DSCPU
                0x0000000000109bec       0x34 /opt/devkitpro/libctru/lib/libctru.a(ptmsysm.o)
                0x0000000000109bec                PTMSYSM_ConfigureNew3DSCPU
 .text.rbtree_node_next
                0x0000000000109c20       0x50 /opt/devkitpro/libctru/lib/libctru.a(rbtree_iterator.o)
                0x0000000000109c20                rbtree_node_next
 .text.encode_utf16
                0x0000000000109c70       0x68 /opt/devkitpro/libctru/lib/libctru.a(encode_utf16.o)
                0x0000000000109c70                encode_utf16
 .text.encode_utf8
                0x0000000000109cd8      0x104 /opt/devkitpro/libctru/lib/libctru.a(encode_utf8.o)
                0x0000000000109cd8                encode_utf8
 .text.__libctru_exit
                0x0000000000109ddc       0xa0 /opt/devkitpro/libctru/lib/libctru.a(ctru_exit.o)
                0x0000000000109ddc                __libctru_exit
 .text.__fixdfdi
                0x0000000000109e7c       0x38 /opt/devkitpro/devkitARM/lib/gcc/arm-none-eabi/9.1.0/armv6k/fpu/libgcc.a(_fixdfdi.o)
                0x0000000000109e7c                __aeabi_d2lz
                0x0000000000109e7c                __fixdfdi
 *fill*         0x0000000000109eb4        0x4 
 .text.__fixunsdfdi
                0x0000000000109eb8       0x40 /opt/devkitpro/devkitARM/lib/gcc/arm-none-eabi/9.1.0/armv6k/fpu/libgcc.a(_fixunsdfdi.o)
                0x0000000000109eb8                __aeabi_d2ulz
                0x0000000000109eb8                __fixunsdfdi
 .text.__udivmoddi4
                0x0000000000109ef8      0x130 /opt/devkitpro/devkitARM/lib/gcc/arm-none-eabi/9.1.0/armv6k/fpu/libgcc.a(_udivmoddi4.o)
                0x0000000000109ef8                __udivmoddi4
 .text.bsearch  0x000000000010a028       0x7c /opt/devkitpro/devkitARM/lib/gcc/arm-none-eabi/9.1.0/../../../../arm-none-eabi/lib/armv6k/fpu/libg.a(lib_a-bsearch.o)
                0x000000000010a028                bsearch
 .text.calloc   0x000000000010a0a4       0x28 /opt/devkitpro/devkitARM/lib/gcc/arm-none-eabi/9.1.0/../../../../arm-none-eabi/lib/armv6k/fpu/libg.a(lib_a-calloc.o)
                0x000000000010a0a4                calloc
 .text._calloc_r
                0x000000000010a0cc       0x94 /opt/devkitpro/devkitARM/lib/gcc/arm-none-eabi/9.1.0/../../../../arm-none-eabi/lib/armv6k/fpu/libg.a(lib_a-callocr.o)
                0x000000000010a0cc                _calloc_r
 .text.__errno  0x000000000010a160        0xc /opt/devkitpro/devkitARM/lib/gcc/arm-none-eabi/9.1.0/../../../../arm-none-eabi/lib/armv6k/fpu/libg.a(lib_a-errno.o)
                0x000000000010a160                __errno
 .text.exit     0x000000000010a16c       0x34 /opt/devkitpro/devkitARM/lib/gcc/arm-none-eabi/9.1.0/../../../../arm-none-eabi/lib/armv6k/fpu/libg.a(lib_a-exit.o)
                0x000000000010a16c                exit
 .text._fclose_r
                0x000000000010a1a0      0x160 /opt/devkitpro/devkitARM/lib/gcc/arm-none-eabi/9.1.0/../../../../arm-none-eabi/lib/armv6k/fpu/libg.a(lib_a-fclose.o)
                0x000000000010a1a0                _fclose_r
 .text.fclose   0x000000000010a300       0x20 /opt/devkitpro/devkitARM/lib/gcc/arm-none-eabi/9.1.0/../../../../arm-none-eabi/lib/armv6k/fpu/libg.a(lib_a-fclose.o)
                0x000000000010a300                fclose
 .text.__sflush_r
                0x000000000010a320      0x278 /opt/devkitpro/devkitARM/lib/gcc/arm-none-eabi/9.1.0/../../../../arm-none-eabi/lib/armv6k/fpu/libg.a(lib_a-fflush.o)
                0x000000000010a320                __sflush_r
 .text._fflush_r
                0x000000000010a598       0x94 /opt/devkitpro/devkitARM/lib/gcc/arm-none-eabi/9.1.0/../../../../arm-none-eabi/lib/armv6k/fpu/libg.a(lib_a-fflush.o)
                0x000000000010a598                _fflush_r
 .text.fflush   0x000000000010a62c       0x38 /opt/devkitpro/devkitARM/lib/gcc/arm-none-eabi/9.1.0/../../../../arm-none-eabi/lib/armv6k/fpu/libg.a(lib_a-fflush.o)
                0x000000000010a62c                fflush
 .text.std      0x000000000010a664       0x78 /opt/devkitpro/devkitARM/lib/gcc/arm-none-eabi/9.1.0/../../../../arm-none-eabi/lib/armv6k/fpu/libg.a(lib_a-findfp.o)
 .text._cleanup_r
                0x000000000010a6dc        0xc /opt/devkitpro/devkitARM/lib/gcc/arm-none-eabi/9.1.0/../../../../arm-none-eabi/lib/armv6k/fpu/libg.a(lib_a-findfp.o)
                0x000000000010a6dc                _cleanup_r
 .text.__sfmoreglue
                0x000000000010a6e8       0x48 /opt/devkitpro/devkitARM/lib/gcc/arm-none-eabi/9.1.0/../../../../arm-none-eabi/lib/armv6k/fpu/libg.a(lib_a-findfp.o)
                0x000000000010a6e8                __sfmoreglue
 .text.__sinit  0x000000000010a730       0x8c /opt/devkitpro/devkitARM/lib/gcc/arm-none-eabi/9.1.0/../../../../arm-none-eabi/lib/armv6k/fpu/libg.a(lib_a-findfp.o)
                0x000000000010a730                __sinit
 .text.__sfp    0x000000000010a7bc      0x10c /opt/devkitpro/devkitARM/lib/gcc/arm-none-eabi/9.1.0/../../../../arm-none-eabi/lib/armv6k/fpu/libg.a(lib_a-findfp.o)
                0x000000000010a7bc                __sfp
 .text.__sfp_lock_acquire
                0x000000000010a8c8        0xc /opt/devkitpro/devkitARM/lib/gcc/arm-none-eabi/9.1.0/../../../../arm-none-eabi/lib/armv6k/fpu/libg.a(lib_a-findfp.o)
                0x000000000010a8c8                __sfp_lock_acquire
 .text.__sfp_lock_release
                0x000000000010a8d4        0xc /opt/devkitpro/devkitARM/lib/gcc/arm-none-eabi/9.1.0/../../../../arm-none-eabi/lib/armv6k/fpu/libg.a(lib_a-findfp.o)
                0x000000000010a8d4                __sfp_lock_release
 .text.__libc_fini_array
                0x000000000010a8e0       0x3c /opt/devkitpro/devkitARM/lib/gcc/arm-none-eabi/9.1.0/../../../../arm-none-eabi/lib/armv6k/fpu/libg.a(lib_a-fini.o)
                0x000000000010a8e0                __libc_fini_array
 .text._fopen_r
                0x000000000010a91c      0x138 /opt/devkitpro/devkitARM/lib/gcc/arm-none-eabi/9.1.0/../../../../arm-none-eabi/lib/armv6k/fpu/libg.a(lib_a-fopen.o)
                0x000000000010a91c                _fopen_r
 .text.fopen    0x000000000010aa54       0x28 /opt/devkitpro/devkitARM/lib/gcc/arm-none-eabi/9.1.0/../../../../arm-none-eabi/lib/armv6k/fpu/libg.a(lib_a-fopen.o)
                0x000000000010aa54                fopen
 .text._fread_r
                0x000000000010aa7c      0x2e0 /opt/devkitpro/devkitARM/lib/gcc/arm-none-eabi/9.1.0/../../../../arm-none-eabi/lib/armv6k/fpu/libg.a(lib_a-fread.o)
                0x000000000010aa7c                _fread_r
 .text.fread    0x000000000010ad5c       0x38 /opt/devkitpro/devkitARM/lib/gcc/arm-none-eabi/9.1.0/../../../../arm-none-eabi/lib/armv6k/fpu/libg.a(lib_a-fread.o)
                0x000000000010ad5c                fread
 .text._malloc_trim_r
                0x000000000010ad94       0xf8 /opt/devkitpro/devkitARM/lib/gcc/arm-none-eabi/9.1.0/../../../../arm-none-eabi/lib/armv6k/fpu/libg.a(lib_a-freer.o)
                0x000000000010ad94                _malloc_trim_r
 .text._free_r  0x000000000010ae8c      0x2e8 /opt/devkitpro/devkitARM/lib/gcc/arm-none-eabi/9.1.0/../../../../arm-none-eabi/lib/armv6k/fpu/libg.a(lib_a-freer.o)
                0x000000000010ae8c                _free_r
 .text._fseek_r
                0x000000000010b174       0x20 /opt/devkitpro/devkitARM/lib/gcc/arm-none-eabi/9.1.0/../../../../arm-none-eabi/lib/armv6k/fpu/libg.a(lib_a-fseek.o)
                0x000000000010b174                _fseek_r
 .text.fseek    0x000000000010b194       0x34 /opt/devkitpro/devkitARM/lib/gcc/arm-none-eabi/9.1.0/../../../../arm-none-eabi/lib/armv6k/fpu/libg.a(lib_a-fseek.o)
                0x000000000010b194                fseek
 .text._fseeko_r
                0x000000000010b1c8      0x5ac /opt/devkitpro/devkitARM/lib/gcc/arm-none-eabi/9.1.0/../../../../arm-none-eabi/lib/armv6k/fpu/libg.a(lib_a-fseeko.o)
                0x000000000010b1c8                _fseeko_r
 .text.ftell    0x000000000010b774       0x40 /opt/devkitpro/devkitARM/lib/gcc/arm-none-eabi/9.1.0/../../../../arm-none-eabi/lib/armv6k/fpu/libg.a(lib_a-ftell.o)
                0x000000000010b774                ftell
 .text._ftello_r
                0x000000000010b7b4      0x1bc /opt/devkitpro/devkitARM/lib/gcc/arm-none-eabi/9.1.0/../../../../arm-none-eabi/lib/armv6k/fpu/libg.a(lib_a-ftello.o)
                0x000000000010b7b4                _ftello_r
 .text._fwalk   0x000000000010b970       0x68 /opt/devkitpro/devkitARM/lib/gcc/arm-none-eabi/9.1.0/../../../../arm-none-eabi/lib/armv6k/fpu/libg.a(lib_a-fwalk.o)
                0x000000000010b970                _fwalk
 .text._fwalk_reent
                0x000000000010b9d8       0x70 /opt/devkitpro/devkitARM/lib/gcc/arm-none-eabi/9.1.0/../../../../arm-none-eabi/lib/armv6k/fpu/libg.a(lib_a-fwalk.o)
                0x000000000010b9d8                _fwalk_reent
 .text.__libc_init_array
                0x000000000010ba48       0x7c /opt/devkitpro/devkitARM/lib/gcc/arm-none-eabi/9.1.0/../../../../arm-none-eabi/lib/armv6k/fpu/libg.a(lib_a-init.o)
                0x000000000010ba48                __libc_init_array
 .text.__swhatbuf_r
                0x000000000010bac4       0x94 /opt/devkitpro/devkitARM/lib/gcc/arm-none-eabi/9.1.0/../../../../arm-none-eabi/lib/armv6k/fpu/libg.a(lib_a-makebuf.o)
                0x000000000010bac4                __swhatbuf_r
 .text.__smakebuf_r
                0x000000000010bb58       0xf8 /opt/devkitpro/devkitARM/lib/gcc/arm-none-eabi/9.1.0/../../../../arm-none-eabi/lib/armv6k/fpu/libg.a(lib_a-makebuf.o)
                0x000000000010bb58                __smakebuf_r
 .text.memalign
                0x000000000010bc50       0x28 /opt/devkitpro/devkitARM/lib/gcc/arm-none-eabi/9.1.0/../../../../arm-none-eabi/lib/armv6k/fpu/libg.a(lib_a-malign.o)
                0x000000000010bc50                memalign
 .text._memalign_r
                0x000000000010bc78      0x14c /opt/devkitpro/devkitARM/lib/gcc/arm-none-eabi/9.1.0/../../../../arm-none-eabi/lib/armv6k/fpu/libg.a(lib_a-malignr.o)
                0x000000000010bc78                _memalign_r
 .text.malloc   0x000000000010bdc4       0x20 /opt/devkitpro/devkitARM/lib/gcc/arm-none-eabi/9.1.0/../../../../arm-none-eabi/lib/armv6k/fpu/libg.a(lib_a-malloc.o)
                0x000000000010bdc4                malloc
 .text.free     0x000000000010bde4       0x20 /opt/devkitpro/devkitARM/lib/gcc/arm-none-eabi/9.1.0/../../../../arm-none-eabi/lib/armv6k/fpu/libg.a(lib_a-malloc.o)
                0x000000000010bde4                free
 .text._malloc_r
                0x000000000010be04      0x7d0 /opt/devkitpro/devkitARM/lib/gcc/arm-none-eabi/9.1.0/../../../../arm-none-eabi/lib/armv6k/fpu/libg.a(lib_a-mallocr.o)
                0x000000000010be04                _malloc_r
 .text.memchr   0x000000000010c5d4       0xe0 /opt/devkitpro/devkitARM/lib/gcc/arm-none-eabi/9.1.0/../../../../arm-none-eabi/lib/armv6k/fpu/libg.a(lib_a-memchr-stub.o)
                0x000000000010c5d4                memchr
 .text.memcmp   0x000000000010c6b4       0xa0 /opt/devkitpro/devkitARM/lib/gcc/arm-none-eabi/9.1.0/../../../../arm-none-eabi/lib/armv6k/fpu/libg.a(lib_a-memcmp.o)
                0x000000000010c6b4                memcmp
 .text.memcpy   0x000000000010c754      0x120 /opt/devkitpro/devkitARM/lib/gcc/arm-none-eabi/9.1.0/../../../../arm-none-eabi/lib/armv6k/fpu/libg.a(lib_a-memcpy-stub.o)
                0x000000000010c754                memcpy
 .text.memset   0x000000000010c874      0x118 /opt/devkitpro/devkitARM/lib/gcc/arm-none-eabi/9.1.0/../../../../arm-none-eabi/lib/armv6k/fpu/libg.a(lib_a-memset.o)
                0x000000000010c874                memset
 .text.__malloc_lock
                0x000000000010c98c        0xc /opt/devkitpro/devkitARM/lib/gcc/arm-none-eabi/9.1.0/../../../../arm-none-eabi/lib/armv6k/fpu/libg.a(lib_a-mlock.o)
                0x000000000010c98c                __malloc_lock
 .text.__malloc_unlock
                0x000000000010c998        0xc /opt/devkitpro/devkitARM/lib/gcc/arm-none-eabi/9.1.0/../../../../arm-none-eabi/lib/armv6k/fpu/libg.a(lib_a-mlock.o)
                0x000000000010c998                __malloc_unlock
 .text.printf   0x000000000010c9a4       0x34 /opt/devkitpro/devkitARM/lib/gcc/arm-none-eabi/9.1.0/../../../../arm-none-eabi/lib/armv6k/fpu/libg.a(lib_a-printf.o)
                0x000000000010c9a4                printf
 .text._puts_r  0x000000000010c9d8       0xe0 /opt/devkitpro/devkitARM/lib/gcc/arm-none-eabi/9.1.0/../../../../arm-none-eabi/lib/armv6k/fpu/libg.a(lib_a-puts.o)
                0x000000000010c9d8                _puts_r
 .text.puts     0x000000000010cab8       0x20 /opt/devkitpro/devkitARM/lib/gcc/arm-none-eabi/9.1.0/../../../../arm-none-eabi/lib/armv6k/fpu/libg.a(lib_a-puts.o)
                0x000000000010cab8                puts
 .text.lflush   0x000000000010cad8       0x1c /opt/devkitpro/devkitARM/lib/gcc/arm-none-eabi/9.1.0/../../../../arm-none-eabi/lib/armv6k/fpu/libg.a(lib_a-refill.o)
 .text.__srefill_r
                0x000000000010caf4      0x1ac /opt/devkitpro/devkitARM/lib/gcc/arm-none-eabi/9.1.0/../../../../arm-none-eabi/lib/armv6k/fpu/libg.a(lib_a-refill.o)
                0x000000000010caf4                __srefill_r
 .text.rewind   0x000000000010cca0       0x2c /opt/devkitpro/devkitARM/lib/gcc/arm-none-eabi/9.1.0/../../../../arm-none-eabi/lib/armv6k/fpu/libg.a(lib_a-rewind.o)
                0x000000000010cca0                rewind
 .text.setvbuf  0x000000000010cccc      0x260 /opt/devkitpro/devkitARM/lib/gcc/arm-none-eabi/9.1.0/../../../../arm-none-eabi/lib/armv6k/fpu/libg.a(lib_a-setvbuf.o)
                0x000000000010cccc                setvbuf
 .text.sscanf   0x000000000010cf2c       0x74 /opt/devkitpro/devkitARM/lib/gcc/arm-none-eabi/9.1.0/../../../../arm-none-eabi/lib/armv6k/fpu/libg.a(lib_a-sscanf.o)
                0x000000000010cf2c                sscanf
 .text.__sread  0x000000000010cfa0       0x3c /opt/devkitpro/devkitARM/lib/gcc/arm-none-eabi/9.1.0/../../../../arm-none-eabi/lib/armv6k/fpu/libg.a(lib_a-stdio.o)
                0x000000000010cfa0                __sread
 .text.__seofread
                0x000000000010cfdc        0x8 /opt/devkitpro/devkitARM/lib/gcc/arm-none-eabi/9.1.0/../../../../arm-none-eabi/lib/armv6k/fpu/libg.a(lib_a-stdio.o)
                0x000000000010cfdc                __seofread
 .text.__swrite
                0x000000000010cfe4       0x68 /opt/devkitpro/devkitARM/lib/gcc/arm-none-eabi/9.1.0/../../../../arm-none-eabi/lib/armv6k/fpu/libg.a(lib_a-stdio.o)
                0x000000000010cfe4                __swrite
 .text.__sseek  0x000000000010d04c       0x58 /opt/devkitpro/devkitARM/lib/gcc/arm-none-eabi/9.1.0/../../../../arm-none-eabi/lib/armv6k/fpu/libg.a(lib_a-stdio.o)
                0x000000000010d04c                __sseek
 .text.__sclose
                0x000000000010d0a4        0x8 /opt/devkitpro/devkitARM/lib/gcc/arm-none-eabi/9.1.0/../../../../arm-none-eabi/lib/armv6k/fpu/libg.a(lib_a-stdio.o)
                0x000000000010d0a4                __sclose
 .text.strchr   0x000000000010d0ac      0x144 /opt/devkitpro/devkitARM/lib/gcc/arm-none-eabi/9.1.0/../../../../arm-none-eabi/lib/armv6k/fpu/libg.a(lib_a-strchr.o)
                0x000000000010d0ac                strchr
 .text.strlen   0x000000000010d1f0       0x5c /opt/devkitpro/devkitARM/lib/gcc/arm-none-eabi/9.1.0/../../../../arm-none-eabi/lib/armv6k/fpu/libg.a(lib_a-strlen-stub.o)
                0x000000000010d1f0                strlen
 .text.strncat  0x000000000010d24c       0x98 /opt/devkitpro/devkitARM/lib/gcc/arm-none-eabi/9.1.0/../../../../arm-none-eabi/lib/armv6k/fpu/libg.a(lib_a-strncat.o)
                0x000000000010d24c                strncat
 .text.strncmp  0x000000000010d2e4       0xec /opt/devkitpro/devkitARM/lib/gcc/arm-none-eabi/9.1.0/../../../../arm-none-eabi/lib/armv6k/fpu/libg.a(lib_a-strncmp.o)
                0x000000000010d2e4                strncmp
 .text.strncpy  0x000000000010d3d0       0xc0 /opt/devkitpro/devkitARM/lib/gcc/arm-none-eabi/9.1.0/../../../../arm-none-eabi/lib/armv6k/fpu/libg.a(lib_a-strncpy.o)
                0x000000000010d3d0                strncpy
 .text.strnlen  0x000000000010d490       0x48 /opt/devkitpro/devkitARM/lib/gcc/arm-none-eabi/9.1.0/../../../../arm-none-eabi/lib/armv6k/fpu/libg.a(lib_a-strnlen.o)
                0x000000000010d490                strnlen
 .text.get_arg  0x000000000010d4d8       0x48 /opt/devkitpro/devkitARM/lib/gcc/arm-none-eabi/9.1.0/../../../../arm-none-eabi/lib/armv6k/fpu/libg.a(lib_a-svfscanf.o)
 .text.__ssvfscanf_r
                0x000000000010d520     0x2b84 /opt/devkitpro/devkitARM/lib/gcc/arm-none-eabi/9.1.0/../../../../arm-none-eabi/lib/armv6k/fpu/libg.a(lib_a-svfscanf.o)
                0x000000000010d520                __ssvfscanf_r
 .text.time     0x00000000001100a4       0x3c /opt/devkitpro/devkitARM/lib/gcc/arm-none-eabi/9.1.0/../../../../arm-none-eabi/lib/armv6k/fpu/libg.a(lib_a-time.o)
                0x00000000001100a4                time
 .text.__sprint_r
                0x00000000001100e0       0x34 /opt/devkitpro/devkitARM/lib/gcc/arm-none-eabi/9.1.0/../../../../arm-none-eabi/lib/armv6k/fpu/libg.a(lib_a-vfiprintf.o)
                0x00000000001100e0                __sprint_r
 .text.get_arg  0x0000000000110114      0x650 /opt/devkitpro/devkitARM/lib/gcc/arm-none-eabi/9.1.0/../../../../arm-none-eabi/lib/armv6k/fpu/libg.a(lib_a-vfprintf.o)
 *fill*         0x0000000000110764        0x4 
 .text._vfprintf_r
                0x0000000000110768     0x38e0 /opt/devkitpro/devkitARM/lib/gcc/arm-none-eabi/9.1.0/../../../../arm-none-eabi/lib/armv6k/fpu/libg.a(lib_a-vfprintf.o)
                0x0000000000110768                _vfprintf_r
 .text.__sbprintf
                0x0000000000114048       0xd4 /opt/devkitpro/devkitARM/lib/gcc/arm-none-eabi/9.1.0/../../../../arm-none-eabi/lib/armv6k/fpu/libg.a(lib_a-vfprintf.o)
 .text._wcrtomb_r
                0x000000000011411c       0x54 /opt/devkitpro/devkitARM/lib/gcc/arm-none-eabi/9.1.0/../../../../arm-none-eabi/lib/armv6k/fpu/libg.a(lib_a-wcrtomb.o)
                0x000000000011411c                _wcrtomb_r
 .text._wcsrtombs_r
                0x0000000000114170       0x20 /opt/devkitpro/devkitARM/lib/gcc/arm-none-eabi/9.1.0/../../../../arm-none-eabi/lib/armv6k/fpu/libg.a(lib_a-wcsrtombs.o)
                0x0000000000114170                _wcsrtombs_r
 .text.__swsetup_r
                0x0000000000114190      0x150 /opt/devkitpro/devkitARM/lib/gcc/arm-none-eabi/9.1.0/../../../../arm-none-eabi/lib/armv6k/fpu/libg.a(lib_a-wsetup.o)
                0x0000000000114190                __swsetup_r
 .text.__call_exitprocs
                0x00000000001142e0      0x118 /opt/devkitpro/devkitARM/lib/gcc/arm-none-eabi/9.1.0/../../../../arm-none-eabi/lib/armv6k/fpu/libg.a(lib_a-__call_atexit.o)
                0x00000000001142e0                __call_exitprocs
 .text.quorem   0x00000000001143f8      0x1a8 /opt/devkitpro/devkitARM/lib/gcc/arm-none-eabi/9.1.0/../../../../arm-none-eabi/lib/armv6k/fpu/libg.a(lib_a-dtoa.o)
 .text._dtoa_r  0x00000000001145a0     0x12ac /opt/devkitpro/devkitARM/lib/gcc/arm-none-eabi/9.1.0/../../../../arm-none-eabi/lib/armv6k/fpu/libg.a(lib_a-dtoa.o)
                0x00000000001145a0                _dtoa_r
 .text.__sflags
                0x000000000011584c       0xc8 /opt/devkitpro/devkitARM/lib/gcc/arm-none-eabi/9.1.0/../../../../arm-none-eabi/lib/armv6k/fpu/libg.a(lib_a-flags.o)
                0x000000000011584c                __sflags
 .text.__sfvwrite_r
                0x0000000000115914      0x4a4 /opt/devkitpro/devkitARM/lib/gcc/arm-none-eabi/9.1.0/../../../../arm-none-eabi/lib/armv6k/fpu/libg.a(lib_a-fvwrite.o)
                0x0000000000115914                __sfvwrite_r
 .text.iswspace
                0x0000000000115db8        0x8 /opt/devkitpro/devkitARM/lib/gcc/arm-none-eabi/9.1.0/../../../../arm-none-eabi/lib/armv6k/fpu/libg.a(lib_a-iswspace.o)
                0x0000000000115db8                iswspace
 .text._localeconv_r
                0x0000000000115dc0        0xc /opt/devkitpro/devkitARM/lib/gcc/arm-none-eabi/9.1.0/../../../../arm-none-eabi/lib/armv6k/fpu/libg.a(lib_a-localeconv.o)
                0x0000000000115dc0                _localeconv_r
 .text.__locale_mb_cur_max
                0x0000000000115dcc       0x10 /opt/devkitpro/devkitARM/lib/gcc/arm-none-eabi/9.1.0/../../../../arm-none-eabi/lib/armv6k/fpu/libg.a(lib_a-locale.o)
                0x0000000000115dcc                __locale_mb_cur_max
 .text._mbrtowc_r
                0x0000000000115ddc       0x60 /opt/devkitpro/devkitARM/lib/gcc/arm-none-eabi/9.1.0/../../../../arm-none-eabi/lib/armv6k/fpu/libg.a(lib_a-mbrtowc.o)
                0x0000000000115ddc                _mbrtowc_r
 .text.__utf8_mbtowc
                0x0000000000115e3c      0x2fc /opt/devkitpro/devkitARM/lib/gcc/arm-none-eabi/9.1.0/../../../../arm-none-eabi/lib/armv6k/fpu/libg.a(lib_a-mbtowc_r.o)
                0x0000000000115e3c                __utf8_mbtowc
 .text.memmove  0x0000000000116138      0x154 /opt/devkitpro/devkitARM/lib/gcc/arm-none-eabi/9.1.0/../../../../arm-none-eabi/lib/armv6k/fpu/libg.a(lib_a-memmove.o)
                0x0000000000116138                memmove
 .text._Balloc  0x000000000011628c       0x88 /opt/devkitpro/devkitARM/lib/gcc/arm-none-eabi/9.1.0/../../../../arm-none-eabi/lib/armv6k/fpu/libg.a(lib_a-mprec.o)
                0x000000000011628c                _Balloc
 .text._Bfree   0x0000000000116314       0x1c /opt/devkitpro/devkitARM/lib/gcc/arm-none-eabi/9.1.0/../../../../arm-none-eabi/lib/armv6k/fpu/libg.a(lib_a-mprec.o)
                0x0000000000116314                _Bfree
 .text.__multadd
                0x0000000000116330       0xd0 /opt/devkitpro/devkitARM/lib/gcc/arm-none-eabi/9.1.0/../../../../arm-none-eabi/lib/armv6k/fpu/libg.a(lib_a-mprec.o)
                0x0000000000116330                __multadd
 .text.__s2b    0x0000000000116400       0xec /opt/devkitpro/devkitARM/lib/gcc/arm-none-eabi/9.1.0/../../../../arm-none-eabi/lib/armv6k/fpu/libg.a(lib_a-mprec.o)
                0x0000000000116400                __s2b
 .text.__hi0bits
                0x00000000001164ec       0x58 /opt/devkitpro/devkitARM/lib/gcc/arm-none-eabi/9.1.0/../../../../arm-none-eabi/lib/armv6k/fpu/libg.a(lib_a-mprec.o)
                0x00000000001164ec                __hi0bits
 .text.__lo0bits
                0x0000000000116544       0x9c /opt/devkitpro/devkitARM/lib/gcc/arm-none-eabi/9.1.0/../../../../arm-none-eabi/lib/armv6k/fpu/libg.a(lib_a-mprec.o)
                0x0000000000116544                __lo0bits
 .text.__i2b    0x00000000001165e0       0x20 /opt/devkitpro/devkitARM/lib/gcc/arm-none-eabi/9.1.0/../../../../arm-none-eabi/lib/armv6k/fpu/libg.a(lib_a-mprec.o)
                0x00000000001165e0                __i2b
 .text.__multiply
                0x0000000000116600      0x1e0 /opt/devkitpro/devkitARM/lib/gcc/arm-none-eabi/9.1.0/../../../../arm-none-eabi/lib/armv6k/fpu/libg.a(lib_a-mprec.o)
                0x0000000000116600                __multiply
 .text.__pow5mult
                0x00000000001167e0      0x100 /opt/devkitpro/devkitARM/lib/gcc/arm-none-eabi/9.1.0/../../../../arm-none-eabi/lib/armv6k/fpu/libg.a(lib_a-mprec.o)
                0x00000000001167e0                __pow5mult
 .text.__lshift
                0x00000000001168e0      0x114 /opt/devkitpro/devkitARM/lib/gcc/arm-none-eabi/9.1.0/../../../../arm-none-eabi/lib/armv6k/fpu/libg.a(lib_a-mprec.o)
                0x00000000001168e0                __lshift
 .text.__mcmp   0x00000000001169f4       0x58 /opt/devkitpro/devkitARM/lib/gcc/arm-none-eabi/9.1.0/../../../../arm-none-eabi/lib/armv6k/fpu/libg.a(lib_a-mprec.o)
                0x00000000001169f4                __mcmp
 .text.__mdiff  0x0000000000116a4c      0x190 /opt/devkitpro/devkitARM/lib/gcc/arm-none-eabi/9.1.0/../../../../arm-none-eabi/lib/armv6k/fpu/libg.a(lib_a-mprec.o)
                0x0000000000116a4c                __mdiff
 .text.__ulp    0x0000000000116bdc       0x88 /opt/devkitpro/devkitARM/lib/gcc/arm-none-eabi/9.1.0/../../../../arm-none-eabi/lib/armv6k/fpu/libg.a(lib_a-mprec.o)
                0x0000000000116bdc                __ulp
 .text.__b2d    0x0000000000116c64       0xd4 /opt/devkitpro/devkitARM/lib/gcc/arm-none-eabi/9.1.0/../../../../arm-none-eabi/lib/armv6k/fpu/libg.a(lib_a-mprec.o)
                0x0000000000116c64                __b2d
 .text.__d2b    0x0000000000116d38      0x104 /opt/devkitpro/devkitARM/lib/gcc/arm-none-eabi/9.1.0/../../../../arm-none-eabi/lib/armv6k/fpu/libg.a(lib_a-mprec.o)
                0x0000000000116d38                __d2b
 .text.__ratio  0x0000000000116e3c       0x84 /opt/devkitpro/devkitARM/lib/gcc/arm-none-eabi/9.1.0/../../../../arm-none-eabi/lib/armv6k/fpu/libg.a(lib_a-mprec.o)
                0x0000000000116e3c                __ratio
 .text.__copybits
                0x0000000000116ec0       0x6c /opt/devkitpro/devkitARM/lib/gcc/arm-none-eabi/9.1.0/../../../../arm-none-eabi/lib/armv6k/fpu/libg.a(lib_a-mprec.o)
                0x0000000000116ec0                __copybits
 .text.__any_on
                0x0000000000116f2c       0x5c /opt/devkitpro/devkitARM/lib/gcc/arm-none-eabi/9.1.0/../../../../arm-none-eabi/lib/armv6k/fpu/libg.a(lib_a-mprec.o)
                0x0000000000116f2c                __any_on
 .text.realloc  0x0000000000116f88       0x28 /opt/devkitpro/devkitARM/lib/gcc/arm-none-eabi/9.1.0/../../../../arm-none-eabi/lib/armv6k/fpu/libg.a(lib_a-realloc.o)
                0x0000000000116f88                realloc
 .text._realloc_r
                0x0000000000116fb0      0x4bc /opt/devkitpro/devkitARM/lib/gcc/arm-none-eabi/9.1.0/../../../../arm-none-eabi/lib/armv6k/fpu/libg.a(lib_a-reallocr.o)
                0x0000000000116fb0                _realloc_r
 .text.__sccl   0x000000000011746c       0xe8 /opt/devkitpro/devkitARM/lib/gcc/arm-none-eabi/9.1.0/../../../../arm-none-eabi/lib/armv6k/fpu/libg.a(lib_a-sccl.o)
                0x000000000011746c                __sccl
 .text.nanf     0x0000000000117554        0xc /opt/devkitpro/devkitARM/lib/gcc/arm-none-eabi/9.1.0/../../../../arm-none-eabi/lib/armv6k/fpu/libg.a(lib_a-sf_nan.o)
                0x0000000000117554                nanf
 .text.frexp    0x0000000000117560       0xa8 /opt/devkitpro/devkitARM/lib/gcc/arm-none-eabi/9.1.0/../../../../arm-none-eabi/lib/armv6k/fpu/libg.a(lib_a-s_frexp.o)
                0x0000000000117560                frexp
 .text.sprintf  0x0000000000117608       0x64 /opt/devkitpro/devkitARM/lib/gcc/arm-none-eabi/9.1.0/../../../../arm-none-eabi/lib/armv6k/fpu/libg.a(lib_a-sprintf.o)
                0x0000000000117608                sprintf
 .text.stpncpy  0x000000000011766c       0xb8 /opt/devkitpro/devkitARM/lib/gcc/arm-none-eabi/9.1.0/../../../../arm-none-eabi/lib/armv6k/fpu/libg.a(lib_a-stpncpy.o)
                0x000000000011766c                stpncpy
 .text.sulp     0x0000000000117724       0x54 /opt/devkitpro/devkitARM/lib/gcc/arm-none-eabi/9.1.0/../../../../arm-none-eabi/lib/armv6k/fpu/libg.a(lib_a-strtod.o)
 .text._strtod_l
                0x0000000000117778     0x1414 /opt/devkitpro/devkitARM/lib/gcc/arm-none-eabi/9.1.0/../../../../arm-none-eabi/lib/armv6k/fpu/libg.a(lib_a-strtod.o)
                0x0000000000117778                _strtod_l
 .text._strtod_r
                0x0000000000118b8c        0xc /opt/devkitpro/devkitARM/lib/gcc/arm-none-eabi/9.1.0/../../../../arm-none-eabi/lib/armv6k/fpu/libg.a(lib_a-strtod.o)
                0x0000000000118b8c                _strtod_r
 .text._strtoll_l.isra.0
                0x0000000000118b98      0x23c /opt/devkitpro/devkitARM/lib/gcc/arm-none-eabi/9.1.0/../../../../arm-none-eabi/lib/armv6k/fpu/libg.a(lib_a-strtoll.o)
 .text._strtoll_r
                0x0000000000118dd4        0x4 /opt/devkitpro/devkitARM/lib/gcc/arm-none-eabi/9.1.0/../../../../arm-none-eabi/lib/armv6k/fpu/libg.a(lib_a-strtoll.o)
                0x0000000000118dd4                _strtoll_r
 .text._strtol_l.isra.0
                0x0000000000118dd8      0x1b4 /opt/devkitpro/devkitARM/lib/gcc/arm-none-eabi/9.1.0/../../../../arm-none-eabi/lib/armv6k/fpu/libg.a(lib_a-strtol.o)
 .text._strtol_r
                0x0000000000118f8c        0x4 /opt/devkitpro/devkitARM/lib/gcc/arm-none-eabi/9.1.0/../../../../arm-none-eabi/lib/armv6k/fpu/libg.a(lib_a-strtol.o)
                0x0000000000118f8c                _strtol_r
 .text._strtoull_l.isra.0
                0x0000000000118f90      0x24c /opt/devkitpro/devkitARM/lib/gcc/arm-none-eabi/9.1.0/../../../../arm-none-eabi/lib/armv6k/fpu/libg.a(lib_a-strtoull.o)
 .text._strtoull_r
                0x00000000001191dc        0x4 /opt/devkitpro/devkitARM/lib/gcc/arm-none-eabi/9.1.0/../../../../arm-none-eabi/lib/armv6k/fpu/libg.a(lib_a-strtoull.o)
                0x00000000001191dc                _strtoull_r
 .text._strtoul_l.isra.0
                0x00000000001191e0      0x1c8 /opt/devkitpro/devkitARM/lib/gcc/arm-none-eabi/9.1.0/../../../../arm-none-eabi/lib/armv6k/fpu/libg.a(lib_a-strtoul.o)
 .text._strtoul_r
                0x00000000001193a8        0x4 /opt/devkitpro/devkitARM/lib/gcc/arm-none-eabi/9.1.0/../../../../arm-none-eabi/lib/armv6k/fpu/libg.a(lib_a-strtoul.o)
                0x00000000001193a8                _strtoul_r
 .text.__ssprint_r
                0x00000000001193ac      0x188 /opt/devkitpro/devkitARM/lib/gcc/arm-none-eabi/9.1.0/../../../../arm-none-eabi/lib/armv6k/fpu/libg.a(lib_a-svfiprintf.o)
                0x00000000001193ac                __ssprint_r
 .text._sungetc_r
                0x0000000000119534       0xe0 /opt/devkitpro/devkitARM/lib/gcc/arm-none-eabi/9.1.0/../../../../arm-none-eabi/lib/armv6k/fpu/libg.a(lib_a-svfiscanf.o)
                0x0000000000119534                _sungetc_r
 .text.__ssrefill_r
                0x0000000000119614       0x6c /opt/devkitpro/devkitARM/lib/gcc/arm-none-eabi/9.1.0/../../../../arm-none-eabi/lib/armv6k/fpu/libg.a(lib_a-svfiscanf.o)
                0x0000000000119614                __ssrefill_r
 .text._sfread_r
                0x0000000000119680       0xc8 /opt/devkitpro/devkitARM/lib/gcc/arm-none-eabi/9.1.0/../../../../arm-none-eabi/lib/armv6k/fpu/libg.a(lib_a-svfiscanf.o)
                0x0000000000119680                _sfread_r
 .text.get_arg  0x0000000000119748      0x650 /opt/devkitpro/devkitARM/lib/gcc/arm-none-eabi/9.1.0/../../../../arm-none-eabi/lib/armv6k/fpu/libg.a(lib_a-svfprintf.o)
 .text._svfprintf_r
                0x0000000000119d98     0x3814 /opt/devkitpro/devkitARM/lib/gcc/arm-none-eabi/9.1.0/../../../../arm-none-eabi/lib/armv6k/fpu/libg.a(lib_a-svfprintf.o)
                0x0000000000119d98                _svfprintf_r
 .text.__submore
                0x000000000011d5ac       0xa8 /opt/devkitpro/devkitARM/lib/gcc/arm-none-eabi/9.1.0/../../../../arm-none-eabi/lib/armv6k/fpu/libg.a(lib_a-ungetc.o)
                0x000000000011d5ac                __submore
 .text._wcsnrtombs_l
                0x000000000011d654      0x190 /opt/devkitpro/devkitARM/lib/gcc/arm-none-eabi/9.1.0/../../../../arm-none-eabi/lib/armv6k/fpu/libg.a(lib_a-wcsnrtombs.o)
                0x000000000011d654                _wcsnrtombs_l
 .text._wcsnrtombs_r
                0x000000000011d7e4       0x48 /opt/devkitpro/devkitARM/lib/gcc/arm-none-eabi/9.1.0/../../../../arm-none-eabi/lib/armv6k/fpu/libg.a(lib_a-wcsnrtombs.o)
                0x000000000011d7e4                _wcsnrtombs_r
 .text.__utf8_wctomb
                0x000000000011d82c       0xf0 /opt/devkitpro/devkitARM/lib/gcc/arm-none-eabi/9.1.0/../../../../arm-none-eabi/lib/armv6k/fpu/libg.a(lib_a-wctomb_r.o)
                0x000000000011d82c                __utf8_wctomb
 .text.rshift   0x000000000011d91c       0xec /opt/devkitpro/devkitARM/lib/gcc/arm-none-eabi/9.1.0/../../../../arm-none-eabi/lib/armv6k/fpu/libg.a(lib_a-gdtoa-gethex.o)
 .text.__gethex
                0x000000000011da08      0x828 /opt/devkitpro/devkitARM/lib/gcc/arm-none-eabi/9.1.0/../../../../arm-none-eabi/lib/armv6k/fpu/libg.a(lib_a-gdtoa-gethex.o)
                0x000000000011da08                __gethex
 .text.__match  0x000000000011e230       0x60 /opt/devkitpro/devkitARM/lib/gcc/arm-none-eabi/9.1.0/../../../../arm-none-eabi/lib/armv6k/fpu/libg.a(lib_a-gdtoa-hexnan.o)
                0x000000000011e230                __match
 .text.__hexnan
                0x000000000011e290      0x28c /opt/devkitpro/devkitARM/lib/gcc/arm-none-eabi/9.1.0/../../../../arm-none-eabi/lib/armv6k/fpu/libg.a(lib_a-gdtoa-hexnan.o)
                0x000000000011e290                __hexnan
 .text.iswspace_l
                0x000000000011e51c       0x3c /opt/devkitpro/devkitARM/lib/gcc/arm-none-eabi/9.1.0/../../../../arm-none-eabi/lib/armv6k/fpu/libg.a(lib_a-iswspace_l.o)
                0x000000000011e51c                iswspace_l
 .text.__jp2uc  0x000000000011e558      0x1e0 /opt/devkitpro/devkitARM/lib/gcc/arm-none-eabi/9.1.0/../../../../arm-none-eabi/lib/armv6k/fpu/libg.a(lib_a-jp2uc.o)
 .text._jp2uc_l
                0x000000000011e738       0x94 /opt/devkitpro/devkitARM/lib/gcc/arm-none-eabi/9.1.0/../../../../arm-none-eabi/lib/armv6k/fpu/libg.a(lib_a-jp2uc.o)
                0x000000000011e738                _jp2uc_l
 *fill*         0x000000000011e7cc        0x4 
 .text.nan      0x000000000011e7d0       0x10 /opt/devkitpro/devkitARM/lib/gcc/arm-none-eabi/9.1.0/../../../../arm-none-eabi/lib/armv6k/fpu/libg.a(lib_a-s_nan.o)
                0x000000000011e7d0                nan
 .text.category
                0x000000000011e7e0       0x88 /opt/devkitpro/devkitARM/lib/gcc/arm-none-eabi/9.1.0/../../../../arm-none-eabi/lib/armv6k/fpu/libg.a(lib_a-categories.o)
                0x000000000011e7e0                category
 .text.null_write
                0x000000000011e868        0x8 /opt/devkitpro/devkitARM/lib/gcc/arm-none-eabi/9.1.0/../../../../arm-none-eabi/lib/armv6k/fpu/libsysbase.a(iosupport.o)
 .text.setDefaultDevice
                0x000000000011e870       0x18 /opt/devkitpro/devkitARM/lib/gcc/arm-none-eabi/9.1.0/../../../../arm-none-eabi/lib/armv6k/fpu/libsysbase.a(iosupport.o)
                0x000000000011e870                setDefaultDevice
 .text.FindDevice
                0x000000000011e888       0xc8 /opt/devkitpro/devkitARM/lib/gcc/arm-none-eabi/9.1.0/../../../../arm-none-eabi/lib/armv6k/fpu/libsysbase.a(iosupport.o)
                0x000000000011e888                FindDevice
 .text.RemoveDevice
                0x000000000011e950       0x28 /opt/devkitpro/devkitARM/lib/gcc/arm-none-eabi/9.1.0/../../../../arm-none-eabi/lib/armv6k/fpu/libsysbase.a(iosupport.o)
                0x000000000011e950                RemoveDevice
 .text.AddDevice
                0x000000000011e978       0x9c /opt/devkitpro/devkitARM/lib/gcc/arm-none-eabi/9.1.0/../../../../arm-none-eabi/lib/armv6k/fpu/libsysbase.a(iosupport.o)
                0x000000000011e978                AddDevice
 .text._fstat_r
                0x000000000011ea14       0x78 /opt/devkitpro/devkitARM/lib/gcc/arm-none-eabi/9.1.0/../../../../arm-none-eabi/lib/armv6k/fpu/libsysbase.a(fstat.o)
                0x000000000011ea14                _fstat_r
 .text._gettimeofday_r
                0x000000000011ea8c       0x38 /opt/devkitpro/devkitARM/lib/gcc/arm-none-eabi/9.1.0/../../../../arm-none-eabi/lib/armv6k/fpu/libsysbase.a(gettod.o)
                0x000000000011ea8c                _gettimeofday_r
 .text._isatty_r
                0x000000000011eac4        0x8 /opt/devkitpro/devkitARM/lib/gcc/arm-none-eabi/9.1.0/../../../../arm-none-eabi/lib/armv6k/fpu/libsysbase.a(isatty.o)
                0x000000000011eac4                _isatty_r
 .text._lseek_r
                0x000000000011eacc       0x84 /opt/devkitpro/devkitARM/lib/gcc/arm-none-eabi/9.1.0/../../../../arm-none-eabi/lib/armv6k/fpu/libsysbase.a(lseek.o)
                0x000000000011eacc                _lseek_r
 .text._open_r  0x000000000011eb50       0xc4 /opt/devkitpro/devkitARM/lib/gcc/arm-none-eabi/9.1.0/../../../../arm-none-eabi/lib/armv6k/fpu/libsysbase.a(open.o)
                0x000000000011eb50                _open_r
 .text._read_r  0x000000000011ec14       0x80 /opt/devkitpro/devkitARM/lib/gcc/arm-none-eabi/9.1.0/../../../../arm-none-eabi/lib/armv6k/fpu/libsysbase.a(read.o)
                0x000000000011ec14                _read_r
 .text._sbrk_r  0x000000000011ec94       0x78 /opt/devkitpro/devkitARM/lib/gcc/arm-none-eabi/9.1.0/../../../../arm-none-eabi/lib/armv6k/fpu/libsysbase.a(sbrk.o)
                0x000000000011ec94                _sbrk_r
 .text._write_r
                0x000000000011ed0c       0x80 /opt/devkitpro/devkitARM/lib/gcc/arm-none-eabi/9.1.0/../../../../arm-none-eabi/lib/armv6k/fpu/libsysbase.a(write.o)
                0x000000000011ed0c                _write_r
 .text._exit    0x000000000011ed8c       0x24 /opt/devkitpro/devkitARM/lib/gcc/arm-none-eabi/9.1.0/../../../../arm-none-eabi/lib/armv6k/fpu/libsysbase.a(_exit.o)
                0x000000000011ed8c                _exit
 .text._concatenate_path
                0x000000000011edb0      0x1bc /opt/devkitpro/devkitARM/lib/gcc/arm-none-eabi/9.1.0/../../../../arm-none-eabi/lib/armv6k/fpu/libsysbase.a(chdir.o)
                0x000000000011edb0                _concatenate_path
 .text.chdir    0x000000000011ef6c      0x15c /opt/devkitpro/devkitARM/lib/gcc/arm-none-eabi/9.1.0/../../../../arm-none-eabi/lib/armv6k/fpu/libsysbase.a(chdir.o)
                0x000000000011ef6c                chdir
 .text.__flockfile
                0x000000000011f0c8        0x8 /opt/devkitpro/devkitARM/lib/gcc/arm-none-eabi/9.1.0/../../../../arm-none-eabi/lib/armv6k/fpu/libsysbase.a(flock.o)
                0x000000000011f0c8                __flockfile
 .text.__funlockfile
                0x000000000011f0d0        0x8 /opt/devkitpro/devkitARM/lib/gcc/arm-none-eabi/9.1.0/../../../../arm-none-eabi/lib/armv6k/fpu/libsysbase.a(flock.o)
                0x000000000011f0d0                __funlockfile
 .text.__libc_lock_acquire
                0x000000000011f0d8       0x18 /opt/devkitpro/devkitARM/lib/gcc/arm-none-eabi/9.1.0/../../../../arm-none-eabi/lib/armv6k/fpu/libsysbase.a(syscall_support.o)
                0x000000000011f0d8                __libc_lock_acquire
 .text.__libc_lock_release
                0x000000000011f0f0       0x18 /opt/devkitpro/devkitARM/lib/gcc/arm-none-eabi/9.1.0/../../../../arm-none-eabi/lib/armv6k/fpu/libsysbase.a(syscall_support.o)
                0x000000000011f0f0                __libc_lock_release
 .text.__libc_lock_init_recursive
                0x000000000011f108       0x18 /opt/devkitpro/devkitARM/lib/gcc/arm-none-eabi/9.1.0/../../../../arm-none-eabi/lib/armv6k/fpu/libsysbase.a(syscall_support.o)
                0x000000000011f108                __libc_lock_init_recursive
 .text.__libc_lock_acquire_recursive
                0x000000000011f120       0x18 /opt/devkitpro/devkitARM/lib/gcc/arm-none-eabi/9.1.0/../../../../arm-none-eabi/lib/armv6k/fpu/libsysbase.a(syscall_support.o)
                0x000000000011f120                __libc_lock_acquire_recursive
 .text.__libc_lock_release_recursive
                0x000000000011f138       0x18 /opt/devkitpro/devkitARM/lib/gcc/arm-none-eabi/9.1.0/../../../../arm-none-eabi/lib/armv6k/fpu/libsysbase.a(syscall_support.o)
                0x000000000011f138                __libc_lock_release_recursive
 .text.__libc_lock_close_recursive
                0x000000000011f150       0x18 /opt/devkitpro/devkitARM/lib/gcc/arm-none-eabi/9.1.0/../../../../arm-none-eabi/lib/armv6k/fpu/libsysbase.a(syscall_support.o)
                0x000000000011f150                __libc_lock_close_recursive
 .text.__release_handle
                0x000000000011f168       0x8c /opt/devkitpro/devkitARM/lib/gcc/arm-none-eabi/9.1.0/../../../../arm-none-eabi/lib/armv6k/fpu/libsysbase.a(handle_manager.o)
                0x000000000011f168                __release_handle
 .text.__alloc_handle
                0x000000000011f1f4       0xb4 /opt/devkitpro/devkitARM/lib/gcc/arm-none-eabi/9.1.0/../../../../arm-none-eabi/lib/armv6k/fpu/libsysbase.a(handle_manager.o)
                0x000000000011f1f4                __alloc_handle
 .text.__get_handle
                0x000000000011f2a8       0x3c /opt/devkitpro/devkitARM/lib/gcc/arm-none-eabi/9.1.0/../../../../arm-none-eabi/lib/armv6k/fpu/libsysbase.a(handle_manager.o)
                0x000000000011f2a8                __get_handle
 .text._close_r
                0x000000000011f2e4       0xf8 /opt/devkitpro/devkitARM/lib/gcc/arm-none-eabi/9.1.0/../../../../arm-none-eabi/lib/armv6k/fpu/libsysbase.a(handle_manager.o)
                0x000000000011f2e4                _close_r
 .text.__getreent
                0x000000000011f3dc       0x28 /opt/devkitpro/devkitARM/lib/gcc/arm-none-eabi/9.1.0/../../../../arm-none-eabi/lib/armv6k/fpu/libsysbase.a(getreent.o)
                0x000000000011f3dc                __getreent
 .text.strrchr  0x000000000011f404       0x44 /opt/devkitpro/devkitARM/lib/gcc/arm-none-eabi/9.1.0/../../../../arm-none-eabi/lib/armv6k/fpu/libg.a(lib_a-strrchr.o)
                0x000000000011f404                strrchr
 *(.glue_7)
 .glue_7        0x000000000011f448        0x0 linker stubs
 *(.glue_7t)
 .glue_7t       0x000000000011f448        0x0 linker stubs
 *(.stub)
 *(.gnu.warning)
 *(.gnu.linkonce.t*)
                0x000000000011f448                . = ALIGN (0x4)
 *(.fini)
 .fini          0x000000000011f448        0xc /opt/devkitpro/devkitARM/lib/gcc/arm-none-eabi/9.1.0/armv6k/fpu/crti.o
                0x000000000011f448                _fini
 .fini          0x000000000011f454        0xc /opt/devkitpro/devkitARM/lib/gcc/arm-none-eabi/9.1.0/armv6k/fpu/crtn.o
                0x000000000011f460                . = ALIGN (0x4)

.vfp11_veneer   0x000000000011f460        0x0
 .vfp11_veneer  0x000000000011f460        0x0 linker stubs

.v4_bx          0x000000000011f460        0x0
 .v4_bx         0x000000000011f460        0x0 linker stubs

.iplt           0x000000000011f460        0x0
 .iplt          0x000000000011f460        0x0 /opt/devkitpro/devkitARM/lib/gcc/arm-none-eabi/9.1.0/../../../../arm-none-eabi/lib/armv6k/fpu/3dsx_crt0.o
                0x0000000000120000                . = ALIGN (0x1000)

.rodata         0x0000000000120000     0x7714
 *(.rodata)
 .rodata        0x0000000000120000        0xc /opt/devkitpro/libctru/lib/libctru.a(romfs_dev.o)
 .rodata        0x000000000012000c        0xc /opt/devkitpro/libctru/lib/libctru.a(sdmc_dev.o)
 .rodata        0x0000000000120018      0x804 /opt/devkitpro/libctru/lib/libctru.a(default_font.bin.o)
                0x0000000000120018                default_font_bin
                0x0000000000120818                default_font_bin_end
                0x0000000000120818                default_font_bin_size
 *(.roda)
 *(.rodata.*)
 .rodata.str1.4
                0x000000000012081c        0x9 MCU.o
 *fill*         0x0000000000120825        0x3 
 .rodata.str1.4
                0x0000000000120828       0xa3 main.o
 *fill*         0x00000000001208cb        0x1 
 .rodata.str1.4
                0x00000000001208cc        0x9 LED.o
 *fill*         0x00000000001208d5        0x3 
 .rodata.str1.4
                0x00000000001208d8        0x6 /opt/devkitpro/libctru/lib/libctru.a(romfs_dev.o)
                                          0xa (size before relaxing)
 *fill*         0x00000000001208de        0x2 
 .rodata.romfs_dirnext.str1.4
                0x00000000001208e0        0x7 /opt/devkitpro/libctru/lib/libctru.a(romfs_dev.o)
 *fill*         0x00000000001208e7        0x1 
 .rodata.romfsMount.str1.4
                0x00000000001208e8       0x19 /opt/devkitpro/libctru/lib/libctru.a(romfs_dev.o)
 *fill*         0x0000000000120901        0x3 
 .rodata.romfsUnmount.str1.4
                0x0000000000120904        0x7 /opt/devkitpro/libctru/lib/libctru.a(romfs_dev.o)
 *fill*         0x000000000012090b        0x1 
 .rodata.con_write.str1.4
                0x000000000012090c       0x52 /opt/devkitpro/libctru/lib/libctru.a(console.o)
 *fill*         0x000000000012095e        0x2 
 .rodata.str1.4
                0x0000000000120960       0x10 /opt/devkitpro/libctru/lib/libctru.a(console.o)
 .rodata.colorTable
                0x0000000000120970       0x30 /opt/devkitpro/libctru/lib/libctru.a(console.o)
 .rodata.dotab_stdout
                0x00000000001209a0       0x70 /opt/devkitpro/libctru/lib/libctru.a(console.o)
 .rodata.srvInit.str1.4
                0x0000000000120a10        0x5 /opt/devkitpro/libctru/lib/libctru.a(srv.o)
 *fill*         0x0000000000120a15        0x3 
 .rodata.str1.4
                0x0000000000120a18        0x5 /opt/devkitpro/libctru/lib/libctru.a(sdmc_dev.o)
                                          0x9 (size before relaxing)
 *fill*         0x0000000000120a1d        0x3 
 .rodata.sdmcExit.str1.4
                0x0000000000120a20        0x6 /opt/devkitpro/libctru/lib/libctru.a(sdmc_dev.o)
 *fill*         0x0000000000120a26        0x2 
 .rodata.error_table
                0x0000000000120a28       0x30 /opt/devkitpro/libctru/lib/libctru.a(sdmc_dev.o)
 .rodata.CSWTCH.62
                0x0000000000120a58       0x14 /opt/devkitpro/libctru/lib/libctru.a(gfx.o)
 .rodata.framebufferInfoSt
                0x0000000000120a6c        0x8 /opt/devkitpro/libctru/lib/libctru.a(gfx.o)
 .rodata.gspInit.str1.4
                0x0000000000120a74        0x9 /opt/devkitpro/libctru/lib/libctru.a(gspgpu.o)
 *fill*         0x0000000000120a7d        0x3 
 .rodata.acInit.str1.4
                0x0000000000120a80        0xd /opt/devkitpro/libctru/lib/libctru.a(ac.o)
 *fill*         0x0000000000120a8d        0x3 
 .rodata.aptSendCommand.str1.4
                0x0000000000120a90       0x16 /opt/devkitpro/libctru/lib/libctru.a(apt.o)
 *fill*         0x0000000000120aa6        0x2 
 .rodata.hidInit.str1.4
                0x0000000000120aa8       0x15 /opt/devkitpro/libctru/lib/libctru.a(hid.o)
 *fill*         0x0000000000120abd        0x3 
 .rodata.fsInit.str1.4
                0x0000000000120ac0        0x8 /opt/devkitpro/libctru/lib/libctru.a(fs.o)
 .rodata.irrstInit.str1.4
                0x0000000000120ac8        0x7 /opt/devkitpro/libctru/lib/libctru.a(irrst.o)
 .rodata.ptmSysmInit.str1.4
                0x0000000000120acf        0x9 /opt/devkitpro/libctru/lib/libctru.a(ptmsysm.o)
 *fill*         0x0000000000120acf        0x1 
 .rodata._global_impure_ptr
                0x0000000000120ad0        0x4 /opt/devkitpro/devkitARM/lib/gcc/arm-none-eabi/9.1.0/../../../../arm-none-eabi/lib/armv6k/fpu/libg.a(lib_a-impure.o)
                0x0000000000120ad0                _global_impure_ptr
 .rodata._puts_r.str1.4
                0x0000000000120ad4        0x2 /opt/devkitpro/devkitARM/lib/gcc/arm-none-eabi/9.1.0/../../../../arm-none-eabi/lib/armv6k/fpu/libg.a(lib_a-puts.o)
 .rodata.__ssvfscanf_r.str1.1
                0x0000000000120ad6        0x5 /opt/devkitpro/devkitARM/lib/gcc/arm-none-eabi/9.1.0/../../../../arm-none-eabi/lib/armv6k/fpu/libg.a(lib_a-svfscanf.o)
                                          0x6 (size before relaxing)
 *fill*         0x0000000000120adb        0x1 
 .rodata.basefix.8820
                0x0000000000120adc       0x22 /opt/devkitpro/devkitARM/lib/gcc/arm-none-eabi/9.1.0/../../../../arm-none-eabi/lib/armv6k/fpu/libg.a(lib_a-svfscanf.o)
 .rodata._vfprintf_r.str1.1
                0x0000000000120afe       0x3b /opt/devkitpro/devkitARM/lib/gcc/arm-none-eabi/9.1.0/../../../../arm-none-eabi/lib/armv6k/fpu/libg.a(lib_a-vfprintf.o)
 *fill*         0x0000000000120b39        0x3 
 .rodata.blanks.8791
                0x0000000000120b3c       0x10 /opt/devkitpro/devkitARM/lib/gcc/arm-none-eabi/9.1.0/../../../../arm-none-eabi/lib/armv6k/fpu/libg.a(lib_a-vfprintf.o)
 .rodata.zeroes.8792
                0x0000000000120b4c       0x10 /opt/devkitpro/devkitARM/lib/gcc/arm-none-eabi/9.1.0/../../../../arm-none-eabi/lib/armv6k/fpu/libg.a(lib_a-vfprintf.o)
 .rodata._ctype_
                0x0000000000120b5c      0x101 /opt/devkitpro/devkitARM/lib/gcc/arm-none-eabi/9.1.0/../../../../arm-none-eabi/lib/armv6k/fpu/libg.a(lib_a-ctype_.o)
                0x0000000000120b5c                _ctype_
 *fill*         0x0000000000120c5d        0x3 
 .rodata._dtoa_r.str1.4
                0x0000000000120c60       0x12 /opt/devkitpro/devkitARM/lib/gcc/arm-none-eabi/9.1.0/../../../../arm-none-eabi/lib/armv6k/fpu/libg.a(lib_a-dtoa.o)
 *fill*         0x0000000000120c72        0x2 
 .rodata.str1.4
                0x0000000000120c74       0x44 /opt/devkitpro/devkitARM/lib/gcc/arm-none-eabi/9.1.0/../../../../arm-none-eabi/lib/armv6k/fpu/libg.a(lib_a-locale.o)
                                         0x4c (size before relaxing)
 .rodata._mbrtowc_r.str1.4
                0x0000000000120cb8        0x1 /opt/devkitpro/devkitARM/lib/gcc/arm-none-eabi/9.1.0/../../../../arm-none-eabi/lib/armv6k/fpu/libg.a(lib_a-mbrtowc.o)
 .rodata.__mprec_bigtens
                0x0000000000120cb8       0x28 /opt/devkitpro/devkitARM/lib/gcc/arm-none-eabi/9.1.0/../../../../arm-none-eabi/lib/armv6k/fpu/libg.a(lib_a-mprec.o)
                0x0000000000120cb8                __mprec_bigtens
 .rodata.__mprec_tens
                0x0000000000120ce0       0xc8 /opt/devkitpro/devkitARM/lib/gcc/arm-none-eabi/9.1.0/../../../../arm-none-eabi/lib/armv6k/fpu/libg.a(lib_a-mprec.o)
                0x0000000000120ce0                __mprec_tens
 .rodata.p05.7510
                0x0000000000120da8        0xc /opt/devkitpro/devkitARM/lib/gcc/arm-none-eabi/9.1.0/../../../../arm-none-eabi/lib/armv6k/fpu/libg.a(lib_a-mprec.o)
 .rodata._strtod_l.str1.4
                0x0000000000120db4        0xf /opt/devkitpro/devkitARM/lib/gcc/arm-none-eabi/9.1.0/../../../../arm-none-eabi/lib/armv6k/fpu/libg.a(lib_a-strtod.o)
                                         0x11 (size before relaxing)
 *fill*         0x0000000000120dc3        0x1 
 .rodata.fpi.7590
                0x0000000000120dc4       0x14 /opt/devkitpro/devkitARM/lib/gcc/arm-none-eabi/9.1.0/../../../../arm-none-eabi/lib/armv6k/fpu/libg.a(lib_a-strtod.o)
 .rodata.fpinan.7626
                0x0000000000120dd8       0x14 /opt/devkitpro/devkitARM/lib/gcc/arm-none-eabi/9.1.0/../../../../arm-none-eabi/lib/armv6k/fpu/libg.a(lib_a-strtod.o)
 *fill*         0x0000000000120dec        0x4 
 .rodata.tinytens
                0x0000000000120df0       0x28 /opt/devkitpro/devkitARM/lib/gcc/arm-none-eabi/9.1.0/../../../../arm-none-eabi/lib/armv6k/fpu/libg.a(lib_a-strtod.o)
 .rodata.__action_table
                0x0000000000120e18       0x6c /opt/devkitpro/devkitARM/lib/gcc/arm-none-eabi/9.1.0/../../../../arm-none-eabi/lib/armv6k/fpu/libg.a(lib_a-svfiprintf.o)
                0x0000000000120e18                __action_table
 .rodata.__chclass
                0x0000000000120e84      0x100 /opt/devkitpro/devkitARM/lib/gcc/arm-none-eabi/9.1.0/../../../../arm-none-eabi/lib/armv6k/fpu/libg.a(lib_a-svfiprintf.o)
                0x0000000000120e84                __chclass
 .rodata.__state_table
                0x0000000000120f84       0x6c /opt/devkitpro/devkitARM/lib/gcc/arm-none-eabi/9.1.0/../../../../arm-none-eabi/lib/armv6k/fpu/libg.a(lib_a-svfiprintf.o)
                0x0000000000120f84                __state_table
 .rodata._svfprintf_r.str1.1
                0x0000000000120ff0       0x3b /opt/devkitpro/devkitARM/lib/gcc/arm-none-eabi/9.1.0/../../../../arm-none-eabi/lib/armv6k/fpu/libg.a(lib_a-svfprintf.o)
 .rodata.blanks.8776
                0x0000000000120ff0       0x10 /opt/devkitpro/devkitARM/lib/gcc/arm-none-eabi/9.1.0/../../../../arm-none-eabi/lib/armv6k/fpu/libg.a(lib_a-svfprintf.o)
 .rodata.zeroes.8777